<html>
<body>
<pre>
<h1>µVision Build Log</h1>
<h2>Tool Versions:</h2>
IDE-Version: ¦ÌVision V5.26.2.0
Copyright (C) 2018 ARM Ltd and ARM Germany GmbH. All rights reserved.
License Information: ZHL Underdo, HP Inc., LIC=EXJT4-FCA45-12HLE-5T3HV-GG99I-5X75T
 
Tool Versions:
Toolchain:       MDK-ARM Plus  Version: 5.26.2.0
Toolchain Path:  D:\KEIL MDK\ARM\ARMCLANG\Bin
C Compiler:      ArmClang.exe V6.10.1
Assembler:       Armasm.exe V6.10.1
Linker/Locator:  ArmLink.exe V6.10.1
Library Manager: ArmAr.exe V6.10.1
Hex Converter:   FromElf.exe V6.10.1
CPU DLL:         
Dialog DLL:      
Target DLL:      STLink\ST-LINKIII-KEIL_SWO.dll V3.0.5.0
Dialog DLL:      TCM.DLL V1.36.1.0
 
<h2>Project:</h2>
C:\Users\Underdog_ZHL\Desktop\GD32E230G4U6_xunji11\USER\Project.uvprojx
Project File Date:  12/15/2022

<h2>Output:</h2>
*** Using Compiler 'V6.10.1', folder: 'D:\KEIL MDK\ARM\ARMCLANG\Bin'
Build target 'GD32E230C_START'
compiling gd32e23x_misc.c...
compiling gd32e23x_rtc.c...
compiling gd32e23x_dbg.c...
compiling gd32e23x_fmc.c...
compiling gd32e23x_cmp.c...
compiling gd32e23x_syscfg.c...
compiling gd32e23x_fwdgt.c...
compiling gd32e23x_crc.c...
compiling system_gd32e23x.c...
compiling gd32e23x_rcu.c...
compiling gd32e23x_gpio.c...
compiling main.c...
compiling gd32e23x_it.c...
compiling gd32e23x_dma.c...
compiling gd32e23x_pmu.c...
compiling gd32e23x_exti.c...
compiling gd32e23x_spi.c...
compiling gd32e23x_adc.c...
compiling gd32e23x_i2c.c...
compiling Configuration_hal.c...
compiling Infrared_Probe_drv.c...
compiling spi_hal.c...
compiling gd32e23x_timer.c...
compiling Button_drv.c...
compiling gd32e23x_usart.c...
compiling LED_drv.c...
compiling EXTI_hal.c...
compiling gpio_hal.c...
compiling adc_hal.c...
compiling I2C_hal.c...
compiling flash_hal.c...
compiling Software_Register.c...
compiling gd32e23x_wwdgt.c...
compiling System_time.c...
compiling EEPROM_drv.c...
linking...
Program Size: Code=15914 RO-data=270 RW-data=104 ZI-data=2416  
FromELF: creating hex file...
".\output\GD32E230C_START.axf" - 0 Error(s), 0 Warning(s).

<h2>Software Packages used:</h2>

Package Vendor: ARM
                http://www.keil.com/pack/ARM.CMSIS.5.4.0.pack
                ARM.CMSIS.5.4.0
                CMSIS (Cortex Microcontroller Software Interface Standard)
   * Component: CORE Version: 5.1.2

Package Vendor: GigaDevice
                http://gd32mcu.com/data/documents/pack/GigaDevice.GD32E23x_DFP.1.0.1.pack
                GigaDevice.GD32E23x_DFP.1.0.1
                GigaDevice GD32E23x Series Device Support and Examples

<h2>Collection of Component include folders:</h2>
  .\RTE\_GD32E230C_START
  D:\KEIL MDK\ARM\PACK\ARM\CMSIS\5.4.0\CMSIS\Core\Include
  D:\KEIL MDK\ARM\PACK\GigaDevice\GD32E23x_DFP\1.0.1\Device\Include

<h2>Collection of Component Files used:</h2>

   * Component: ARM::CMSIS:CORE:5.1.2
Build Time Elapsed:  00:00:36
</pre>
</body>
</html>
