Component: ARM Compiler 6.10.1 Tool: armlink [5d142800]

==============================================================================

Section Cross References

    gd32e23x_it.o(.ARM.exidx.text.NMI_Handler) refers to gd32e23x_it.o(.text.NMI_Handler) for [Anonymous Symbol]
    gd32e23x_it.o(.ARM.exidx.text.HardFault_Handler) refers to gd32e23x_it.o(.text.HardFault_Handler) for [Anonymous Symbol]
    gd32e23x_it.o(.ARM.exidx.text.MemManage_Handler) refers to gd32e23x_it.o(.text.MemManage_Handler) for [Anonymous Symbol]
    gd32e23x_it.o(.ARM.exidx.text.BusFault_Handler) refers to gd32e23x_it.o(.text.BusFault_Handler) for [Anonymous Symbol]
    gd32e23x_it.o(.ARM.exidx.text.UsageFault_Handler) refers to gd32e23x_it.o(.text.UsageFault_Handler) for [Anonymous Symbol]
    gd32e23x_it.o(.ARM.exidx.text.SVC_Handler) refers to gd32e23x_it.o(.text.SVC_Handler) for [Anonymous Symbol]
    gd32e23x_it.o(.ARM.exidx.text.DebugMon_Handler) refers to gd32e23x_it.o(.text.DebugMon_Handler) for [Anonymous Symbol]
    gd32e23x_it.o(.ARM.exidx.text.PendSV_Handler) refers to gd32e23x_it.o(.text.PendSV_Handler) for [Anonymous Symbol]
    main.o(.text.SoftReset) refers to main.o(.text.__NVIC_SystemReset) for __NVIC_SystemReset
    main.o(.ARM.exidx.text.SoftReset) refers to main.o(.text.SoftReset) for [Anonymous Symbol]
    main.o(.ARM.exidx.text.__NVIC_SystemReset) refers to main.o(.text.__NVIC_SystemReset) for [Anonymous Symbol]
    main.o(.text.main) refers to system_time.o(.text.System_time_init) for System_time_init
    main.o(.text.main) refers to configuration_hal.o(.text.Init_hal) for Init_hal
    main.o(.text.main) refers to infrared_probe_drv.o(.text.Infrared_Probe_init_drv) for Infrared_Probe_init_drv
    main.o(.text.main) refers to button_drv.o(.text.Button_init) for Button_init
    main.o(.text.main) refers to led_drv.o(.text.LED_drv_Init) for LED_drv_Init
    main.o(.text.main) refers to eeprom_drv.o(.text.EEPROM_drv_Init) for EEPROM_drv_Init
    main.o(.text.main) refers to gpio_hal.o(.text.Get_GPIO_Control) for Get_GPIO_Control
    main.o(.text.main) refers to infrared_probe_drv.o(.text.Infrared_Probe) for Infrared_Probe
    main.o(.text.main) refers to button_drv.o(.text.Get_Button_Long_Press) for Get_Button_Long_Press
    main.o(.text.main) refers to infrared_probe_drv.o(.text.Infrared_Calibration) for Infrared_Calibration
    main.o(.text.main) refers to main.o(.text.SoftReset) for SoftReset
    main.o(.text.main) refers to led_drv.o(.text.LED_RUN) for LED_RUN
    main.o(.ARM.exidx.text.main) refers to main.o(.text.main) for [Anonymous Symbol]
    system_gd32e23x.o(.text.SystemInit) refers to system_gd32e23x.o(.text.system_clock_config) for system_clock_config
    system_gd32e23x.o(.text.SystemInit) refers to gd32e23x_misc.o(.text.nvic_vector_table_set) for nvic_vector_table_set
    system_gd32e23x.o(.ARM.exidx.text.SystemInit) refers to system_gd32e23x.o(.text.SystemInit) for [Anonymous Symbol]
    system_gd32e23x.o(.text.system_clock_config) refers to system_gd32e23x.o(.text.system_clock_72m_irc8m) for system_clock_72m_irc8m
    system_gd32e23x.o(.ARM.exidx.text.system_clock_config) refers to system_gd32e23x.o(.text.system_clock_config) for [Anonymous Symbol]
    system_gd32e23x.o(.text.SystemCoreClockUpdate) refers to system_gd32e23x.o(.data.SystemCoreClock) for SystemCoreClock
    system_gd32e23x.o(.text.SystemCoreClockUpdate) refers to system_gd32e23x.o(.rodata.SystemCoreClockUpdate.ahb_exp) for [Anonymous Symbol]
    system_gd32e23x.o(.ARM.exidx.text.SystemCoreClockUpdate) refers to system_gd32e23x.o(.text.SystemCoreClockUpdate) for [Anonymous Symbol]
    system_gd32e23x.o(.ARM.exidx.text.system_clock_72m_irc8m) refers to system_gd32e23x.o(.text.system_clock_72m_irc8m) for [Anonymous Symbol]
    gd32e23x_adc.o(.text.adc_deinit) refers to gd32e23x_rcu.o(.text.rcu_periph_reset_enable) for rcu_periph_reset_enable
    gd32e23x_adc.o(.text.adc_deinit) refers to gd32e23x_rcu.o(.text.rcu_periph_reset_disable) for rcu_periph_reset_disable
    gd32e23x_adc.o(.ARM.exidx.text.adc_deinit) refers to gd32e23x_adc.o(.text.adc_deinit) for [Anonymous Symbol]
    gd32e23x_adc.o(.ARM.exidx.text.adc_enable) refers to gd32e23x_adc.o(.text.adc_enable) for [Anonymous Symbol]
    gd32e23x_adc.o(.ARM.exidx.text.adc_disable) refers to gd32e23x_adc.o(.text.adc_disable) for [Anonymous Symbol]
    gd32e23x_adc.o(.ARM.exidx.text.adc_calibration_enable) refers to gd32e23x_adc.o(.text.adc_calibration_enable) for [Anonymous Symbol]
    gd32e23x_adc.o(.ARM.exidx.text.adc_dma_mode_enable) refers to gd32e23x_adc.o(.text.adc_dma_mode_enable) for [Anonymous Symbol]
    gd32e23x_adc.o(.ARM.exidx.text.adc_dma_mode_disable) refers to gd32e23x_adc.o(.text.adc_dma_mode_disable) for [Anonymous Symbol]
    gd32e23x_adc.o(.ARM.exidx.text.adc_tempsensor_vrefint_enable) refers to gd32e23x_adc.o(.text.adc_tempsensor_vrefint_enable) for [Anonymous Symbol]
[...]
    gd32e23x_dma.c                           0x00000000   Number         0  gd32e23x_dma.o ABSOLUTE
    gd32e23x_exti.c                          0x00000000   Number         0  gd32e23x_exti.o ABSOLUTE
    gd32e23x_fmc.c                           0x00000000   Number         0  gd32e23x_fmc.o ABSOLUTE
    gd32e23x_fwdgt.c                         0x00000000   Number         0  gd32e23x_fwdgt.o ABSOLUTE
    gd32e23x_gpio.c                          0x00000000   Number         0  gd32e23x_gpio.o ABSOLUTE
    gd32e23x_i2c.c                           0x00000000   Number         0  gd32e23x_i2c.o ABSOLUTE
    gd32e23x_it.c                            0x00000000   Number         0  gd32e23x_it.o ABSOLUTE
    gd32e23x_misc.c                          0x00000000   Number         0  gd32e23x_misc.o ABSOLUTE
    gd32e23x_pmu.c                           0x00000000   Number         0  gd32e23x_pmu.o ABSOLUTE
    gd32e23x_rcu.c                           0x00000000   Number         0  gd32e23x_rcu.o ABSOLUTE
    gd32e23x_rtc.c                           0x00000000   Number         0  gd32e23x_rtc.o ABSOLUTE
    gd32e23x_spi.c                           0x00000000   Number         0  gd32e23x_spi.o ABSOLUTE
    gd32e23x_syscfg.c                        0x00000000   Number         0  gd32e23x_syscfg.o ABSOLUTE
    gd32e23x_timer.c                         0x00000000   Number         0  gd32e23x_timer.o ABSOLUTE
    gd32e23x_usart.c                         0x00000000   Number         0  gd32e23x_usart.o ABSOLUTE
    gd32e23x_wwdgt.c                         0x00000000   Number         0  gd32e23x_wwdgt.o ABSOLUTE
    gpio_hal.c                               0x00000000   Number         0  gpio_hal.o ABSOLUTE
    handlers.s                               0x00000000   Number         0  handlers.o ABSOLUTE
    init.s                                   0x00000000   Number         0  init.o ABSOLUTE
    main.c                                   0x00000000   Number         0  main.o ABSOLUTE
    spi_hal.c                                0x00000000   Number         0  spi_hal.o ABSOLUTE
    system_gd32e23x.c                        0x00000000   Number         0  system_gd32e23x.o ABSOLUTE
    RESET                                    0x08000000   Section      204  startup_gd32e23x.o(RESET)
    .ARM.Collect$$$$00000000                 0x080000cc   Section        0  entry.o(.ARM.Collect$$$$00000000)
    .ARM.Collect$$$$00000001                 0x080000cc   Section        4  entry2.o(.ARM.Collect$$$$00000001)
    .ARM.Collect$$$$00000004                 0x080000d0   Section        4  entry5.o(.ARM.Collect$$$$00000004)
    .ARM.Collect$$$$00000008                 0x080000d4   Section        0  entry7b.o(.ARM.Collect$$$$00000008)
    .ARM.Collect$$$$0000000A                 0x080000d4   Section        0  entry8b.o(.ARM.Collect$$$$0000000A)
    .ARM.Collect$$$$0000000B                 0x080000d4   Section        8  entry9a.o(.ARM.Collect$$$$0000000B)
    .ARM.Collect$$$$0000000D                 0x080000dc   Section        0  entry10a.o(.ARM.Collect$$$$0000000D)
    .ARM.Collect$$$$0000000F                 0x080000dc   Section        0  entry11a.o(.ARM.Collect$$$$0000000F)
    .ARM.Collect$$$$00002712                 0x080000dc   Section        4  entry2.o(.ARM.Collect$$$$00002712)
    __lit__00000000                          0x080000dc   Data           4  entry2.o(.ARM.Collect$$$$00002712)
    .text                                    0x080000e0   Section       28  startup_gd32e23x.o(.text)
    .text                                    0x080000fc   Section        0  fadd.o(.text)
    .text                                    0x080001ae   Section        0  fmul.o(.text)
    .text                                    0x08000228   Section        0  fdiv.o(.text)
    .text                                    0x080002a4   Section        0  fcmple.o(.text)
    .text                                    0x080002c0   Section        0  fcmpge.o(.text)
    .text                                    0x080002dc   Section        0  fcmpgt.o(.text)
    .text                                    0x080002f8   Section        0  dcmple.o(.text)
    .text                                    0x08000324   Section        0  fflti.o(.text)
    .text                                    0x0800033a   Section        0  ffltui.o(.text)
    .text                                    0x08000348   Section        0  ffixui.o(.text)
    .text                                    0x08000370   Section        0  f2d.o(.text)
    .text                                    0x08000398   Section        0  fepilogue.o(.text)
    .text                                    0x08000398   Section        0  iusefp.o(.text)
    .text                                    0x0800041c   Section       36  init.o(.text)
    [Anonymous Symbol]                       0x08000440   Section        0  button_drv.o(.text.ButtonA_Callback)
    ButtonA_Callback                         0x08000441   Thumb Code   288  button_drv.o(.text.ButtonA_Callback)
    __arm_cp.1_1                             0x08000544   Number         4  button_drv.o(.text.ButtonA_Callback)
    __arm_cp.1_2                             0x08000548   Number         4  button_drv.o(.text.ButtonA_Callback)
    __arm_cp.1_3                             0x0800054c   Number         4  button_drv.o(.text.ButtonA_Callback)
    __arm_cp.1_4                             0x08000550   Number         4  button_drv.o(.text.ButtonA_Callback)
    __arm_cp.1_5                             0x08000554   Number         4  button_drv.o(.text.ButtonA_Callback)
    __arm_cp.1_6                             0x08000558   Number         4  button_drv.o(.text.ButtonA_Callback)
    [Anonymous Symbol]                       0x0800055c   Section        0  button_drv.o(.text.Button_init)
    __arm_cp.0_0                             0x08000584   Number         4  button_drv.o(.text.Button_init)
    __arm_cp.0_1                             0x08000588   Number         4  button_drv.o(.text.Button_init)
    [Anonymous Symbol]                       0x0800058c   Section        0  eeprom_drv.o(.text.EEPROM_Data_Save)
    [Anonymous Symbol]                       0x080005b4   Section        0  eeprom_drv.o(.text.EEPROM_ReadOneHalfword)
    [Anonymous Symbol]                       0x080005dc   Section        0  eeprom_drv.o(.text.EEPROM_Updata)
    __arm_cp.1_1                             0x080005ec   Number         4  eeprom_drv.o(.text.EEPROM_Updata)
    [Anonymous Symbol]                       0x080005f0   Section        0  eeprom_drv.o(.text.EEPROM_WriteOneHalfword)
    __arm_cp.4_0                             0x08000618   Number         4  eeprom_drv.o(.text.EEPROM_WriteOneHalfword)
    [Anonymous Symbol]                       0x0800061c   Section        0  eeprom_drv.o(.text.EEPROM_drv_Init)
    [Anonymous Symbol]                       0x08000624   Section        0  exti_hal.o(.text.EXTI0_1_IRQHandler)
    [Anonymous Symbol]                       0x0800064c   Section        0  exti_hal.o(.text.EXTI1_Callback_Register)
    [Anonymous Symbol]                       0x08000660   Section        0  exti_hal.o(.text.EXTI_hal_init)
    __arm_cp.0_0                             0x080006b0   Number         4  exti_hal.o(.text.EXTI_hal_init)
    [Anonymous Symbol]                       0x080006b4   Section        0  flash_hal.o(.text.Flash_Erase)
    [Anonymous Symbol]                       0x0800075c   Section        0  flash_hal.o(.text.Flash_Read)
    [Anonymous Symbol]                       0x080007a8   Section        0  flash_hal.o(.text.Flash_Write)
    __arm_cp.1_0                             0x08000844   Number         4  flash_hal.o(.text.Flash_Write)
    [Anonymous Symbol]                       0x08000848   Section        0  gpio_hal.o(.text.GPIO_HIGH_hal)
    [Anonymous Symbol]                       0x0800085c   Section        0  gpio_hal.o(.text.GPIO_Init_hal)
    __arm_cp.0_0                             0x08000908   Number         4  gpio_hal.o(.text.GPIO_Init_hal)
    __arm_cp.0_1                             0x0800090c   Number         4  gpio_hal.o(.text.GPIO_Init_hal)
    __arm_cp.0_2                             0x08000910   Number         4  gpio_hal.o(.text.GPIO_Init_hal)
    __arm_cp.0_3                             0x08000914   Number         4  gpio_hal.o(.text.GPIO_Init_hal)
    __arm_cp.0_5                             0x08000918   Number         4  gpio_hal.o(.text.GPIO_Init_hal)
    __arm_cp.0_6                             0x0800091c   Number         4  gpio_hal.o(.text.GPIO_Init_hal)
    __arm_cp.0_7                             0x08000920   Number         4  gpio_hal.o(.text.GPIO_Init_hal)
    __arm_cp.0_8                             0x08000924   Number         4  gpio_hal.o(.text.GPIO_Init_hal)
    [Anonymous Symbol]                       0x08000928   Section        0  gpio_hal.o(.text.GPIO_LOW_hal)
    [Anonymous Symbol]                       0x0800093c   Section        0  gpio_hal.o(.text.GPIO_Pin_Init_hal)
    [Anonymous Symbol]                       0x08000974   Section        0  gpio_hal.o(.text.GPIO_TOGGLE_hal)
    [Anonymous Symbol]                       0x08000988   Section        0  button_drv.o(.text.Get_Button_Click)
    __arm_cp.2_0                             0x080009cc   Number         4  button_drv.o(.text.Get_Button_Click)
    __arm_cp.2_1                             0x080009d0   Number         4  button_drv.o(.text.Get_Button_Click)
    __arm_cp.2_2                             0x080009d4   Number         4  button_drv.o(.text.Get_Button_Click)
    [Anonymous Symbol]                       0x080009d8   Section        0  button_drv.o(.text.Get_Button_Long_Press)
    __arm_cp.4_0                             0x080009f4   Number         4  button_drv.o(.text.Get_Button_Long_Press)
    [Anonymous Symbol]                       0x080009f8   Section        0  exti_hal.o(.text.Get_EXTI_SOURCE)
    __arm_cp.1_0                             0x08000a5c   Number         4  exti_hal.o(.text.Get_EXTI_SOURCE)
    __arm_cp.1_1                             0x08000a60   Number         4  exti_hal.o(.text.Get_EXTI_SOURCE)
    __arm_cp.1_2                             0x08000a64   Number         4  exti_hal.o(.text.Get_EXTI_SOURCE)
    [Anonymous Symbol]                       0x08000a68   Section        0  gpio_hal.o(.text.Get_GPIO_Control)
    __arm_cp.5_0                             0x08000a80   Number         4  gpio_hal.o(.text.Get_GPIO_Control)
    [Anonymous Symbol]                       0x08000a84   Section        0  system_time.o(.text.Get_System_T)
    __arm_cp.3_0                             0x08000ab8   Number         4  system_time.o(.text.Get_System_T)
    [Anonymous Symbol]                       0x08000abc   Section        0  system_time.o(.text.Get_deta_T)
    __arm_cp.5_0                             0x08000b38   Number         4  system_time.o(.text.Get_deta_T)
    __arm_cp.5_1                             0x08000b3c   Number         4  system_time.o(.text.Get_deta_T)
    __arm_cp.5_2                             0x08000b40   Number         4  system_time.o(.text.Get_deta_T)
    [Anonymous Symbol]                       0x08000b44   Section        0  gd32e23x_it.o(.text.HardFault_Handler)
    [Anonymous Symbol]                       0x08000b48   Section        0  i2c_hal.o(.text.I2C0_ER_IRQHandler)
    __arm_cp.4_1                             0x08000b74   Number         4  i2c_hal.o(.text.I2C0_ER_IRQHandler)
    [Anonymous Symbol]                       0x08000b78   Section        0  i2c_hal.o(.text.I2C0_EV_IRQHandler)
    __arm_cp.3_1                             0x08000ce8   Number         4  i2c_hal.o(.text.I2C0_EV_IRQHandler)
    __arm_cp.3_2                             0x08000cec   Number         4  i2c_hal.o(.text.I2C0_EV_IRQHandler)
    __arm_cp.3_3                             0x08000cf0   Number         4  i2c_hal.o(.text.I2C0_EV_IRQHandler)
    __arm_cp.3_4                             0x08000cf4   Number         4  i2c_hal.o(.text.I2C0_EV_IRQHandler)
    __arm_cp.3_5                             0x08000cf8   Number         4  i2c_hal.o(.text.I2C0_EV_IRQHandler)
    __arm_cp.3_6                             0x08000cfc   Number         4  i2c_hal.o(.text.I2C0_EV_IRQHandler)
    __arm_cp.3_7                             0x08000d00   Number         4  i2c_hal.o(.text.I2C0_EV_IRQHandler)
    [Anonymous Symbol]                       0x08000d04   Section        0  i2c_hal.o(.text.I2C0_Rsgister_Register)
    [Anonymous Symbol]                       0x08000d18   Section        0  i2c_hal.o(.text.I2C_Config)
    I2C_Config                               0x08000d19   Thumb Code   148  i2c_hal.o(.text.I2C_Config)
    __arm_cp.2_0                             0x08000d9c   Number         4  i2c_hal.o(.text.I2C_Config)
    __arm_cp.2_1                             0x08000da0   Number         4  i2c_hal.o(.text.I2C_Config)
    __arm_cp.2_2                             0x08000da4   Number         4  i2c_hal.o(.text.I2C_Config)
    __arm_cp.2_3                             0x08000da8   Number         4  i2c_hal.o(.text.I2C_Config)
    [Anonymous Symbol]                       0x08000dac   Section        0  i2c_hal.o(.text.I2C_GPIO_Config)
    I2C_GPIO_Config                          0x08000dad   Thumb Code   120  i2c_hal.o(.text.I2C_GPIO_Config)
    __arm_cp.1_0                             0x08000e1c   Number         4  i2c_hal.o(.text.I2C_GPIO_Config)
    __arm_cp.1_1                             0x08000e20   Number         4  i2c_hal.o(.text.I2C_GPIO_Config)
    [Anonymous Symbol]                       0x08000e24   Section        0  i2c_hal.o(.text.I2C_hal_Init)
    [Anonymous Symbol]                       0x08000e30   Section        0  infrared_probe_drv.o(.text.Infrared_Calibration)
    __arm_cp.1_13                            0x0800127c   Number         4  infrared_probe_drv.o(.text.Infrared_Calibration)
    __arm_cp.1_14                            0x08001280   Number         4  infrared_probe_drv.o(.text.Infrared_Calibration)
    __arm_cp.1_21                            0x0800129c   Number         4  infrared_probe_drv.o(.text.Infrared_Calibration)
    __arm_cp.1_23                            0x08001684   Number         4  infrared_probe_drv.o(.text.Infrared_Calibration)
    __arm_cp.1_24                            0x08001688   Number         4  infrared_probe_drv.o(.text.Infrared_Calibration)
    __arm_cp.1_2                             0x080018a4   Number         4  infrared_probe_drv.o(.text.Infrared_Calibration)
    __arm_cp.1_3                             0x080018a8   Number         4  infrared_probe_drv.o(.text.Infrared_Calibration)
    __arm_cp.1_4                             0x080018ac   Number         4  infrared_probe_drv.o(.text.Infrared_Calibration)
    __arm_cp.1_5                             0x080018b0   Number         4  infrared_probe_drv.o(.text.Infrared_Calibration)
    __arm_cp.1_6                             0x080018b4   Number         4  infrared_probe_drv.o(.text.Infrared_Calibration)
    __arm_cp.1_7                             0x080018b8   Number         4  infrared_probe_drv.o(.text.Infrared_Calibration)
    __arm_cp.1_8                             0x080018bc   Number         4  infrared_probe_drv.o(.text.Infrared_Calibration)
    __arm_cp.1_9                             0x080018c0   Number         4  infrared_probe_drv.o(.text.Infrared_Calibration)
    [Anonymous Symbol]                       0x080018c4   Section        0  infrared_probe_drv.o(.text.Infrared_Probe)
    __arm_cp.2_0                             0x08001c3c   Number         4  infrared_probe_drv.o(.text.Infrared_Probe)
    __arm_cp.2_1                             0x08001c40   Number         4  infrared_probe_drv.o(.text.Infrared_Probe)
    __arm_cp.2_2                             0x08001c44   Number         4  infrared_probe_drv.o(.text.Infrared_Probe)
    __arm_cp.2_3                             0x08001c48   Number         4  infrared_probe_drv.o(.text.Infrared_Probe)
    __arm_cp.2_4                             0x08001c4c   Number         4  infrared_probe_drv.o(.text.Infrared_Probe)
    __arm_cp.2_5                             0x08001c50   Number         4  infrared_probe_drv.o(.text.Infrared_Probe)
    __arm_cp.2_6                             0x08001c54   Number         4  infrared_probe_drv.o(.text.Infrared_Probe)
    __arm_cp.2_7                             0x08001c58   Number         4  infrared_probe_drv.o(.text.Infrared_Probe)
    __arm_cp.2_8                             0x08001c5c   Number         4  infrared_probe_drv.o(.text.Infrared_Probe)
    __arm_cp.2_9                             0x08001c60   Number         4  infrared_probe_drv.o(.text.Infrared_Probe)
    __arm_cp.2_10                            0x08001c64   Number         4  infrared_probe_drv.o(.text.Infrared_Probe)
    __arm_cp.2_11                            0x08001c68   Number         4  infrared_probe_drv.o(.text.Infrared_Probe)
    __arm_cp.2_12                            0x08001c6c   Number         4  infrared_probe_drv.o(.text.Infrared_Probe)
    __arm_cp.2_13                            0x08001c70   Number         4  infrared_probe_drv.o(.text.Infrared_Probe)
    __arm_cp.2_15                            0x08001c74   Number         4  infrared_probe_drv.o(.text.Infrared_Probe)
    __arm_cp.2_16                            0x08001c78   Number         4  infrared_probe_drv.o(.text.Infrared_Probe)
    __arm_cp.2_17                            0x08001c7c   Number         4  infrared_probe_drv.o(.text.Infrared_Probe)
    [Anonymous Symbol]                       0x08001c80   Section        0  infrared_probe_drv.o(.text.Infrared_Probe_init_drv)
    __arm_cp.0_0                             0x08001db8   Number         4  infrared_probe_drv.o(.text.Infrared_Probe_init_drv)
    __arm_cp.0_1                             0x08001dbc   Number         4  infrared_probe_drv.o(.text.Infrared_Probe_init_drv)
    __arm_cp.0_2                             0x08001dc0   Number         4  infrared_probe_drv.o(.text.Infrared_Probe_init_drv)
    __arm_cp.0_3                             0x08001dc4   Number         4  infrared_probe_drv.o(.text.Infrared_Probe_init_drv)
    __arm_cp.0_4                             0x08001dc8   Number         4  infrared_probe_drv.o(.text.Infrared_Probe_init_drv)
    __arm_cp.0_5                             0x08001dcc   Number         4  infrared_probe_drv.o(.text.Infrared_Probe_init_drv)
    __arm_cp.0_6                             0x08001dd0   Number         4  infrared_probe_drv.o(.text.Infrared_Probe_init_drv)
    __arm_cp.0_7                             0x08001dd4   Number         4  infrared_probe_drv.o(.text.Infrared_Probe_init_drv)
    __arm_cp.0_8                             0x08001dd8   Number         4  infrared_probe_drv.o(.text.Infrared_Probe_init_drv)
    __arm_cp.0_9                             0x08001ddc   Number         4  infrared_probe_drv.o(.text.Infrared_Probe_init_drv)
    __arm_cp.0_10                            0x08001de0   Number         4  infrared_probe_drv.o(.text.Infrared_Probe_init_drv)
    __arm_cp.0_11                            0x08001de4   Number         4  infrared_probe_drv.o(.text.Infrared_Probe_init_drv)
    __arm_cp.0_12                            0x08001de8   Number         4  infrared_probe_drv.o(.text.Infrared_Probe_init_drv)
    [Anonymous Symbol]                       0x08001dec   Section        0  configuration_hal.o(.text.Init_hal)
    [Anonymous Symbol]                       0x08001e00   Section        0  led_drv.o(.text.LED_RUN)
    __arm_cp.2_0                             0x0800203c   Number         4  led_drv.o(.text.LED_RUN)
    __arm_cp.2_7                             0x08002040   Number         4  led_drv.o(.text.LED_RUN)
    __arm_cp.2_8                             0x08002044   Number         4  led_drv.o(.text.LED_RUN)
    [Anonymous Symbol]                       0x08002048   Section        0  led_drv.o(.text.LED_drv_Init)
    __arm_cp.0_0                             0x080020b8   Number         4  led_drv.o(.text.LED_drv_Init)
    __arm_cp.0_1                             0x080020bc   Number         4  led_drv.o(.text.LED_drv_Init)
    __arm_cp.0_2                             0x080020c0   Number         4  led_drv.o(.text.LED_drv_Init)
    __arm_cp.0_3                             0x080020c4   Number         4  led_drv.o(.text.LED_drv_Init)
    __arm_cp.0_4                             0x080020c8   Number         4  led_drv.o(.text.LED_drv_Init)
    [Anonymous Symbol]                       0x080020cc   Section        0  gd32e23x_it.o(.text.NMI_Handler)
    [Anonymous Symbol]                       0x080020ce   Section        0  gd32e23x_it.o(.text.PendSV_Handler)
    [Anonymous Symbol]                       0x080020d0   Section        0  gd32e23x_it.o(.text.SVC_Handler)
    [Anonymous Symbol]                       0x080020d4   Section        0  exti_hal.o(.text.Set_EXTI_TRIG)
    __arm_cp.3_0                             0x08002168   Number         4  exti_hal.o(.text.Set_EXTI_TRIG)
    __arm_cp.3_1                             0x0800216c   Number         4  exti_hal.o(.text.Set_EXTI_TRIG)
    [Anonymous Symbol]                       0x08002170   Section        0  led_drv.o(.text.Set_LED_Bit_State)
    __arm_cp.3_1                             0x0800225c   Number         4  led_drv.o(.text.Set_LED_Bit_State)
    [Anonymous Symbol]                       0x08002260   Section        0  led_drv.o(.text.Set_LED_State)
    __arm_cp.1_0                             0x08002274   Number         4  led_drv.o(.text.Set_LED_State)
    [Anonymous Symbol]                       0x08002278   Section        0  main.o(.text.SoftReset)
    [Anonymous Symbol]                       0x0800227c   Section        0  software_register.o(.text.Software_Register_Init)
    [Anonymous Symbol]                       0x080022c0   Section        0  software_register.o(.text.Software_Register_Read)
    [Anonymous Symbol]                       0x08002322   Section        0  software_register.o(.text.Software_Register_Write)
    [Anonymous Symbol]                       0x08002384   Section        0  system_time.o(.text.SysTick_Config)
    SysTick_Config                           0x08002385   Thumb Code    84  system_time.o(.text.SysTick_Config)
    __arm_cp.1_0                             0x080023cc   Number         4  system_time.o(.text.SysTick_Config)
    __arm_cp.1_1                             0x080023d0   Number         4  system_time.o(.text.SysTick_Config)
    __arm_cp.1_2                             0x080023d4   Number         4  system_time.o(.text.SysTick_Config)
    [Anonymous Symbol]                       0x080023d8   Section        0  system_time.o(.text.SysTick_Handler)
    [Anonymous Symbol]                       0x08002400   Section        0  system_gd32e23x.o(.text.SystemInit)
    __arm_cp.0_0                             0x08002488   Number         4  system_gd32e23x.o(.text.SystemInit)
    __arm_cp.0_1                             0x0800248c   Number         4  system_gd32e23x.o(.text.SystemInit)
    __arm_cp.0_2                             0x08002490   Number         4  system_gd32e23x.o(.text.SystemInit)
    __arm_cp.0_3                             0x08002494   Number         4  system_gd32e23x.o(.text.SystemInit)
    __arm_cp.0_4                             0x08002498   Number         4  system_gd32e23x.o(.text.SystemInit)
    __arm_cp.0_5                             0x0800249c   Number         4  system_gd32e23x.o(.text.SystemInit)
    __arm_cp.0_6                             0x080024a0   Number         4  system_gd32e23x.o(.text.SystemInit)
    __arm_cp.0_7                             0x080024a4   Number         4  system_gd32e23x.o(.text.SystemInit)
    __arm_cp.0_8                             0x080024a8   Number         4  system_gd32e23x.o(.text.SystemInit)
    [Anonymous Symbol]                       0x080024ac   Section        0  system_time.o(.text.System_time_init)
    __arm_cp.0_0                             0x080024d0   Number         4  system_time.o(.text.System_time_init)
    __arm_cp.0_1                             0x080024d4   Number         4  system_time.o(.text.System_time_init)
    [Anonymous Symbol]                       0x080024d8   Section        0  gd32e23x_misc.o(.text.__NVIC_EnableIRQ)
    __NVIC_EnableIRQ                         0x080024d9   Thumb Code    60  gd32e23x_misc.o(.text.__NVIC_EnableIRQ)
    __arm_cp.2_0                             0x0800250c   Number         4  gd32e23x_misc.o(.text.__NVIC_EnableIRQ)
    __arm_cp.2_1                             0x08002510   Number         4  gd32e23x_misc.o(.text.__NVIC_EnableIRQ)
    [Anonymous Symbol]                       0x08002514   Section        0  gd32e23x_misc.o(.text.__NVIC_SetPriority)
    __NVIC_SetPriority                       0x08002515   Thumb Code   144  gd32e23x_misc.o(.text.__NVIC_SetPriority)
    [Anonymous Symbol]                       0x0800259c   Section        0  system_time.o(.text.__NVIC_SetPriority)
    __NVIC_SetPriority                       0x0800259d   Thumb Code   144  system_time.o(.text.__NVIC_SetPriority)
    __arm_cp.8_0                             0x08002624   Number         4  system_time.o(.text.__NVIC_SetPriority)
    __arm_cp.8_1                             0x08002628   Number         4  system_time.o(.text.__NVIC_SetPriority)
    [Anonymous Symbol]                       0x0800262c   Section        0  main.o(.text.__NVIC_SystemReset)
    __NVIC_SystemReset                       0x0800262d   Thumb Code    28  main.o(.text.__NVIC_SystemReset)
    __arm_cp.1_0                             0x08002640   Number         4  main.o(.text.__NVIC_SystemReset)
    __arm_cp.1_1                             0x08002644   Number         4  main.o(.text.__NVIC_SystemReset)
    [Anonymous Symbol]                       0x08002648   Section        0  gd32e23x_adc.o(.text.adc_calibration_enable)
    [Anonymous Symbol]                       0x08002680   Section        0  gd32e23x_adc.o(.text.adc_channel_length_config)
    __arm_cp.11_0                            0x080026e8   Number         4  gd32e23x_adc.o(.text.adc_channel_length_config)
    __arm_cp.11_1                            0x080026ec   Number         4  gd32e23x_adc.o(.text.adc_channel_length_config)
    __arm_cp.11_2                            0x080026f0   Number         4  gd32e23x_adc.o(.text.adc_channel_length_config)
    [Anonymous Symbol]                       0x080026f4   Section        0  gd32e23x_adc.o(.text.adc_data_alignment_config)
    [Anonymous Symbol]                       0x08002724   Section        0  gd32e23x_adc.o(.text.adc_deinit)
    __arm_cp.0_0                             0x0800273c   Number         4  gd32e23x_adc.o(.text.adc_deinit)
    [Anonymous Symbol]                       0x08002740   Section        0  gd32e23x_adc.o(.text.adc_dma_mode_enable)
    [Anonymous Symbol]                       0x08002750   Section        0  gd32e23x_adc.o(.text.adc_enable)
    [Anonymous Symbol]                       0x0800276c   Section        0  gd32e23x_adc.o(.text.adc_external_trigger_config)
    [Anonymous Symbol]                       0x080027f8   Section        0  gd32e23x_adc.o(.text.adc_external_trigger_source_config)
    __arm_cp.16_0                            0x08002850   Number         4  gd32e23x_adc.o(.text.adc_external_trigger_source_config)
    [Anonymous Symbol]                       0x08002854   Section        0  adc_hal.o(.text.adc_init)
    __arm_cp.0_0                             0x08002968   Number         4  adc_hal.o(.text.adc_init)
    __arm_cp.0_1                             0x0800296c   Number         4  adc_hal.o(.text.adc_init)
    __arm_cp.0_2                             0x08002970   Number         4  adc_hal.o(.text.adc_init)
    __arm_cp.0_3                             0x08002974   Number         4  adc_hal.o(.text.adc_init)
    [Anonymous Symbol]                       0x08002978   Section        0  gd32e23x_adc.o(.text.adc_regular_channel_config)
    __arm_cp.12_0                            0x08002ac8   Number         4  gd32e23x_adc.o(.text.adc_regular_channel_config)
    __arm_cp.12_1                            0x08002acc   Number         4  gd32e23x_adc.o(.text.adc_regular_channel_config)
    __arm_cp.12_2                            0x08002ad0   Number         4  gd32e23x_adc.o(.text.adc_regular_channel_config)
    __arm_cp.12_3                            0x08002ad4   Number         4  gd32e23x_adc.o(.text.adc_regular_channel_config)
    __arm_cp.12_4                            0x08002ad8   Number         4  gd32e23x_adc.o(.text.adc_regular_channel_config)
    [Anonymous Symbol]                       0x08002adc   Section        0  gd32e23x_adc.o(.text.adc_software_trigger_enable)
    __arm_cp.17_0                            0x08002b1c   Number         4  gd32e23x_adc.o(.text.adc_software_trigger_enable)
    [Anonymous Symbol]                       0x08002b20   Section        0  gd32e23x_adc.o(.text.adc_special_function_config)
    __arm_cp.9_0                             0x08002bcc   Number         4  gd32e23x_adc.o(.text.adc_special_function_config)
    __arm_cp.9_1                             0x08002bd0   Number         4  gd32e23x_adc.o(.text.adc_special_function_config)
    [Anonymous Symbol]                       0x08002bd4   Section        0  system_time.o(.text.delay_ms)
    __arm_cp.7_0                             0x08002c1c   Number         4  system_time.o(.text.delay_ms)
    [Anonymous Symbol]                       0x08002c20   Section        0  gd32e23x_dma.o(.text.dma_channel_disable)
    [Anonymous Symbol]                       0x08002c40   Section        0  gd32e23x_dma.o(.text.dma_channel_enable)
    [Anonymous Symbol]                       0x08002c60   Section        0  gd32e23x_dma.o(.text.dma_circulation_enable)
    [Anonymous Symbol]                       0x08002c80   Section        0  gd32e23x_dma.o(.text.dma_deinit)
    __arm_cp.0_4                             0x08002cd8   Number         4  gd32e23x_dma.o(.text.dma_deinit)
    [Anonymous Symbol]                       0x08002cdc   Section        0  gd32e23x_dma.o(.text.dma_init)
    __arm_cp.2_0                             0x08002df0   Number         4  gd32e23x_dma.o(.text.dma_init)
    __arm_cp.2_1                             0x08002df4   Number         4  gd32e23x_dma.o(.text.dma_init)
    __arm_cp.2_2                             0x08002df8   Number         4  gd32e23x_dma.o(.text.dma_init)
    [Anonymous Symbol]                       0x08002dfc   Section        0  gd32e23x_dma.o(.text.dma_memory_to_memory_disable)
    __arm_cp.7_0                             0x08002e20   Number         4  gd32e23x_dma.o(.text.dma_memory_to_memory_disable)
    [Anonymous Symbol]                       0x08002e24   Section        0  gd32e23x_exti.o(.text.exti_init)
    __arm_cp.1_1                             0x08002ef8   Number         4  gd32e23x_exti.o(.text.exti_init)
    __arm_cp.1_2                             0x08002efc   Number         4  gd32e23x_exti.o(.text.exti_init)
    __arm_cp.1_3                             0x08002f00   Number         4  gd32e23x_exti.o(.text.exti_init)
    [Anonymous Symbol]                       0x08002f04   Section        0  gd32e23x_exti.o(.text.exti_interrupt_flag_clear)
    [Anonymous Symbol]                       0x08002f18   Section        0  gd32e23x_exti.o(.text.exti_interrupt_flag_get)
    __arm_cp.8_0                             0x08002f5c   Number         4  gd32e23x_exti.o(.text.exti_interrupt_flag_get)
    __arm_cp.8_1                             0x08002f60   Number         4  gd32e23x_exti.o(.text.exti_interrupt_flag_get)
    [Anonymous Symbol]                       0x08002f64   Section        0  gd32e23x_fmc.o(.text.fmc_lock)
    [Anonymous Symbol]                       0x08002f70   Section        0  gd32e23x_fmc.o(.text.fmc_page_erase)
    __arm_cp.5_1                             0x08002fcc   Number         4  gd32e23x_fmc.o(.text.fmc_page_erase)
    [Anonymous Symbol]                       0x08002fd0   Section        0  gd32e23x_fmc.o(.text.fmc_ready_wait)
    [Anonymous Symbol]                       0x0800303c   Section        0  gd32e23x_fmc.o(.text.fmc_state_get)
    __arm_cp.29_0                            0x0800308c   Number         4  gd32e23x_fmc.o(.text.fmc_state_get)
    [Anonymous Symbol]                       0x08003090   Section        0  gd32e23x_fmc.o(.text.fmc_unlock)
    __arm_cp.0_1                             0x080030ac   Number         4  gd32e23x_fmc.o(.text.fmc_unlock)
    __arm_cp.0_2                             0x080030b0   Number         4  gd32e23x_fmc.o(.text.fmc_unlock)
    __arm_cp.0_3                             0x080030b4   Number         4  gd32e23x_fmc.o(.text.fmc_unlock)
    [Anonymous Symbol]                       0x080030b8   Section        0  gd32e23x_fmc.o(.text.fmc_word_program)
    __arm_cp.9_0                             0x08003114   Number         4  gd32e23x_fmc.o(.text.fmc_word_program)
    [Anonymous Symbol]                       0x08003118   Section        0  adc_hal.o(.text.get_value)
    __arm_cp.1_0                             0x08003130   Number         4  adc_hal.o(.text.get_value)
    [Anonymous Symbol]                       0x08003134   Section        0  gd32e23x_gpio.o(.text.gpio_af_set)
    [Anonymous Symbol]                       0x08003206   Section        0  gd32e23x_gpio.o(.text.gpio_mode_set)
    [Anonymous Symbol]                       0x080032a8   Section        0  gd32e23x_gpio.o(.text.gpio_output_options_set)
    [Anonymous Symbol]                       0x08003344   Section        0  gd32e23x_i2c.o(.text.i2c_ack_config)
    [Anonymous Symbol]                       0x0800337c   Section        0  gd32e23x_i2c.o(.text.i2c_clock_config)
    __arm_cp.1_0                             0x08003540   Number         4  gd32e23x_i2c.o(.text.i2c_clock_config)
    __arm_cp.1_1                             0x08003544   Number         4  gd32e23x_i2c.o(.text.i2c_clock_config)
    __arm_cp.1_2                             0x08003548   Number         4  gd32e23x_i2c.o(.text.i2c_clock_config)
    __arm_cp.1_3                             0x0800354c   Number         4  gd32e23x_i2c.o(.text.i2c_clock_config)
    [Anonymous Symbol]                       0x08003550   Section        0  gd32e23x_i2c.o(.text.i2c_data_receive)
    [Anonymous Symbol]                       0x08003562   Section        0  gd32e23x_i2c.o(.text.i2c_data_transmit)
    [Anonymous Symbol]                       0x0800357c   Section        0  gd32e23x_i2c.o(.text.i2c_enable)
    [Anonymous Symbol]                       0x08003592   Section        0  gd32e23x_i2c.o(.text.i2c_interrupt_disable)
    [Anonymous Symbol]                       0x080035be   Section        0  gd32e23x_i2c.o(.text.i2c_interrupt_enable)
    [Anonymous Symbol]                       0x080035ec   Section        0  gd32e23x_i2c.o(.text.i2c_interrupt_flag_clear)
    __arm_cp.34_0                            0x08003634   Number         4  gd32e23x_i2c.o(.text.i2c_interrupt_flag_clear)
    [Anonymous Symbol]                       0x08003638   Section        0  gd32e23x_i2c.o(.text.i2c_interrupt_flag_get)
    __arm_cp.33_0                            0x080036e8   Number         4  gd32e23x_i2c.o(.text.i2c_interrupt_flag_get)
    __arm_cp.33_1                            0x080036ec   Number         4  gd32e23x_i2c.o(.text.i2c_interrupt_flag_get)
    __arm_cp.33_2                            0x080036f0   Number         4  gd32e23x_i2c.o(.text.i2c_interrupt_flag_get)
    [Anonymous Symbol]                       0x080036f4   Section        0  gd32e23x_i2c.o(.text.i2c_mode_addr_config)
    __arm_cp.2_0                             0x08003748   Number         4  gd32e23x_i2c.o(.text.i2c_mode_addr_config)
    [Anonymous Symbol]                       0x0800374c   Section        0  gd32e23x_i2c.o(.text.i2c_software_reset_config)
    [Anonymous Symbol]                       0x08003780   Section        0  main.o(.text.main)
    [Anonymous Symbol]                       0x080037d2   Section        0  gd32e23x_misc.o(.text.nvic_irq_enable)
    [Anonymous Symbol]                       0x08003800   Section        0  gd32e23x_misc.o(.text.nvic_vector_table_set)
    __arm_cp.7_0                             0x08003824   Number         4  gd32e23x_misc.o(.text.nvic_vector_table_set)
    __arm_cp.7_1                             0x08003828   Number         4  gd32e23x_misc.o(.text.nvic_vector_table_set)
    [Anonymous Symbol]                       0x0800382c   Section        0  gd32e23x_rcu.o(.text.rcu_adc_clock_config)
    __arm_cp.14_0                            0x080039b0   Number         4  gd32e23x_rcu.o(.text.rcu_adc_clock_config)
    __arm_cp.14_1                            0x080039b4   Number         4  gd32e23x_rcu.o(.text.rcu_adc_clock_config)
    __arm_cp.14_2                            0x080039b8   Number         4  gd32e23x_rcu.o(.text.rcu_adc_clock_config)
    [Anonymous Symbol]                       0x080039bc   Section        0  gd32e23x_rcu.o(.text.rcu_clock_freq_get)
    __arm_cp.38_0                            0x08003c90   Number         4  gd32e23x_rcu.o(.text.rcu_clock_freq_get)
    __arm_cp.38_1                            0x08003c94   Number         4  gd32e23x_rcu.o(.text.rcu_clock_freq_get)
    __arm_cp.38_2                            0x08003c98   Number         4  gd32e23x_rcu.o(.text.rcu_clock_freq_get)
    __arm_cp.38_3                            0x08003c9c   Number         4  gd32e23x_rcu.o(.text.rcu_clock_freq_get)
    __arm_cp.38_4                            0x08003ca0   Number         4  gd32e23x_rcu.o(.text.rcu_clock_freq_get)
    __arm_cp.38_5                            0x08003ca4   Number         4  gd32e23x_rcu.o(.text.rcu_clock_freq_get)
    __arm_cp.38_6                            0x08003ca8   Number         4  gd32e23x_rcu.o(.text.rcu_clock_freq_get)
    __arm_cp.38_7                            0x08003cac   Number         4  gd32e23x_rcu.o(.text.rcu_clock_freq_get)
    __arm_cp.38_8                            0x08003cb0   Number         4  gd32e23x_rcu.o(.text.rcu_clock_freq_get)
    __arm_cp.38_9                            0x08003cb4   Number         4  gd32e23x_rcu.o(.text.rcu_clock_freq_get)
    [Anonymous Symbol]                       0x08003cb8   Section        0  gd32e23x_rcu.o(.text.rcu_periph_clock_enable)
    [Anonymous Symbol]                       0x08003ce0   Section        0  gd32e23x_rcu.o(.text.rcu_periph_reset_disable)
    [Anonymous Symbol]                       0x08003d08   Section        0  gd32e23x_rcu.o(.text.rcu_periph_reset_enable)
    [Anonymous Symbol]                       0x08003d30   Section        0  gd32e23x_syscfg.o(.text.syscfg_exti_line_config)
    __arm_cp.5_0                             0x08003ddc   Number         4  gd32e23x_syscfg.o(.text.syscfg_exti_line_config)
    __arm_cp.5_1                             0x08003de0   Number         4  gd32e23x_syscfg.o(.text.syscfg_exti_line_config)
    __arm_cp.5_2                             0x08003de4   Number         4  gd32e23x_syscfg.o(.text.syscfg_exti_line_config)
    __arm_cp.5_3                             0x08003de8   Number         4  gd32e23x_syscfg.o(.text.syscfg_exti_line_config)
    [Anonymous Symbol]                       0x08003dec   Section        0  system_gd32e23x.o(.text.system_clock_72m_irc8m)
    system_clock_72m_irc8m                   0x08003ded   Thumb Code   228  system_gd32e23x.o(.text.system_clock_72m_irc8m)
    __arm_cp.3_0                             0x08003eb8   Number         4  system_gd32e23x.o(.text.system_clock_72m_irc8m)
    __arm_cp.3_1                             0x08003ebc   Number         4  system_gd32e23x.o(.text.system_clock_72m_irc8m)
    __arm_cp.3_2                             0x08003ec0   Number         4  system_gd32e23x.o(.text.system_clock_72m_irc8m)
    __arm_cp.3_3                             0x08003ec4   Number         4  system_gd32e23x.o(.text.system_clock_72m_irc8m)
    __arm_cp.3_4                             0x08003ec8   Number         4  system_gd32e23x.o(.text.system_clock_72m_irc8m)
    __arm_cp.3_5                             0x08003ecc   Number         4  system_gd32e23x.o(.text.system_clock_72m_irc8m)
    [Anonymous Symbol]                       0x08003ed0   Section        0  system_gd32e23x.o(.text.system_clock_config)
    system_clock_config                      0x08003ed1   Thumb Code     8  system_gd32e23x.o(.text.system_clock_config)
    i.__scatterload_copy                     0x08003ed8   Section       14  handlers.o(i.__scatterload_copy)
    i.__scatterload_null                     0x08003ee6   Section        2  handlers.o(i.__scatterload_null)
    i.__scatterload_zeroinit                 0x08003ee8   Section       14  handlers.o(i.__scatterload_zeroinit)
    [Anonymous Symbol]                       0x08003ef6   Section        0  gd32e23x_rcu.o(.rodata.rcu_clock_freq_get.ahb_exp)
    rcu_clock_freq_get.ahb_exp               0x08003ef6   Data          16  gd32e23x_rcu.o(.rodata.rcu_clock_freq_get.ahb_exp)
    [Anonymous Symbol]                       0x08003f06   Section        0  gd32e23x_rcu.o(.rodata.rcu_clock_freq_get.apb1_exp)
    rcu_clock_freq_get.apb1_exp              0x08003f06   Data           8  gd32e23x_rcu.o(.rodata.rcu_clock_freq_get.apb1_exp)
    [Anonymous Symbol]                       0x08003f0e   Section        0  gd32e23x_rcu.o(.rodata.rcu_clock_freq_get.apb2_exp)
    rcu_clock_freq_get.apb2_exp              0x08003f0e   Data           8  gd32e23x_rcu.o(.rodata.rcu_clock_freq_get.apb2_exp)
    [Anonymous Symbol]                       0x20000068   Section        0  adc_hal.o(.bss.ADC_value)
    ADC_value                                0x20000068   Data          16  adc_hal.o(.bss.ADC_value)
    [Anonymous Symbol]                       0x20000088   Section        0  eeprom_drv.o(.bss.EEPROM_Data)
    EEPROM_Data                              0x20000088   Data        1024  eeprom_drv.o(.bss.EEPROM_Data)
    [Anonymous Symbol]                       0x20000488   Section        0  exti_hal.o(.bss.EXTI1_Callback)
    EXTI1_Callback                           0x20000488   Data           4  exti_hal.o(.bss.EXTI1_Callback)
    [Anonymous Symbol]                       0x20000550   Section        0  infrared_probe_drv.o(.bss.Infrare_A1)
    Infrare_A1                               0x20000550   Data           4  infrared_probe_drv.o(.bss.Infrare_A1)
    [Anonymous Symbol]                       0x20000554   Section        0  infrared_probe_drv.o(.bss.Infrare_A2)
    Infrare_A2                               0x20000554   Data           4  infrared_probe_drv.o(.bss.Infrare_A2)
    [Anonymous Symbol]                       0x20000558   Section        0  infrared_probe_drv.o(.bss.Infrare_A3)
    Infrare_A3                               0x20000558   Data           4  infrared_probe_drv.o(.bss.Infrare_A3)
    [Anonymous Symbol]                       0x2000055c   Section        0  infrared_probe_drv.o(.bss.Infrare_A4)
    Infrare_A4                               0x2000055c   Data           4  infrared_probe_drv.o(.bss.Infrare_A4)
    [Anonymous Symbol]                       0x20000560   Section        0  infrared_probe_drv.o(.bss.Infrared_ADC)
    Infrared_ADC                             0x20000560   Data           4  infrared_probe_drv.o(.bss.Infrared_ADC)
    [Anonymous Symbol]                       0x20000564   Section        0  infrared_probe_drv.o(.bss.Infrared_BackVREF)
    Infrared_BackVREF                        0x20000564   Data           8  infrared_probe_drv.o(.bss.Infrared_BackVREF)
    [Anonymous Symbol]                       0x20000570   Section        0  infrared_probe_drv.o(.bss.Infrared_High_Value)
    Infrared_High_Value                      0x20000570   Data           8  infrared_probe_drv.o(.bss.Infrared_High_Value)
    [Anonymous Symbol]                       0x20000578   Section        0  infrared_probe_drv.o(.bss.Infrared_LineVREF)
    Infrared_LineVREF                        0x20000578   Data           8  infrared_probe_drv.o(.bss.Infrared_LineVREF)
    [Anonymous Symbol]                       0x20000580   Section        0  infrared_probe_drv.o(.bss.Infrared_Low_Value)
    Infrared_Low_Value                       0x20000580   Data           8  infrared_probe_drv.o(.bss.Infrared_Low_Value)
    [Anonymous Symbol]                       0x20000589   Section        0  infrared_probe_drv.o(.bss.Infrared_Probe.Infrared_Flag)
    Infrared_Probe.Infrared_Flag             0x20000589   Data           1  infrared_probe_drv.o(.bss.Infrared_Probe.Infrared_Flag)
    [Anonymous Symbol]                       0x2000058a   Section        0  infrared_probe_drv.o(.bss.Infrared_Probe.Line_Pos)
    Infrared_Probe.Line_Pos                  0x2000058a   Data           1  infrared_probe_drv.o(.bss.Infrared_Probe.Line_Pos)
    [Anonymous Symbol]                       0x200005a4   Section        0  infrared_probe_drv.o(.bss.Infrared_Threshold_Value)
    Infrared_Threshold_Value                 0x200005a4   Data           8  infrared_probe_drv.o(.bss.Infrared_Threshold_Value)
    [Anonymous Symbol]                       0x200005cc   Section        0  system_time.o(.bss.System_T)
    System_T                                 0x200005cc   Data           8  system_time.o(.bss.System_T)
    STACK                                    0x200005d8   Section     1024  startup_gd32e23x.o(STACK)

    Global Symbols

    Symbol Name                              Value     Ov Type        Size  Object(Section)

    BuildAttributes$$THM_ISAv3M$S$8M$PE$A:L22$X:L11$S22$IEEE1$IW$~IW$USESV6$~STKCKD$USESV7$~SHL$OTIME$ROPI$EBA8$MICROLIB$REQ8$PRES8$EABIv2 0x00000000   Number         0  anon$$obj.o ABSOLUTE
    __cpp_initialize__aeabi_                  - Undefined Weak Reference
    __cxa_finalize                            - Undefined Weak Reference
    __decompress                              - Undefined Weak Reference
    _clock_init                               - Undefined Weak Reference
    _microlib_exit                            - Undefined Weak Reference
    __Vectors_Size                           0x000000cc   Number         0  startup_gd32e23x.o ABSOLUTE
    __Vectors                                0x08000000   Data           4  startup_gd32e23x.o(RESET)
    __Vectors_End                            0x080000cc   Data           0  startup_gd32e23x.o(RESET)
    __main                                   0x080000cd   Thumb Code     0  entry.o(.ARM.Collect$$$$00000000)
    _main_stk                                0x080000cd   Thumb Code     0  entry2.o(.ARM.Collect$$$$00000001)
    _main_scatterload                        0x080000d1   Thumb Code     0  entry5.o(.ARM.Collect$$$$00000004)
    __main_after_scatterload                 0x080000d5   Thumb Code     0  entry5.o(.ARM.Collect$$$$00000004)
    _main_clock                              0x080000d5   Thumb Code     0  entry7b.o(.ARM.Collect$$$$00000008)
    _main_cpp_init                           0x080000d5   Thumb Code     0  entry8b.o(.ARM.Collect$$$$0000000A)
    _main_init                               0x080000d5   Thumb Code     0  entry9a.o(.ARM.Collect$$$$0000000B)
    __rt_final_cpp                           0x080000dd   Thumb Code     0  entry10a.o(.ARM.Collect$$$$0000000D)
    __rt_final_exit                          0x080000dd   Thumb Code     0  entry11a.o(.ARM.Collect$$$$0000000F)
    Reset_Handler                            0x080000e1   Thumb Code     8  startup_gd32e23x.o(.text)
    ADC_CMP_IRQHandler                       0x080000f3   Thumb Code     0  startup_gd32e23x.o(.text)
    DMA_Channel0_IRQHandler                  0x080000f3   Thumb Code     0  startup_gd32e23x.o(.text)
    DMA_Channel1_2_IRQHandler                0x080000f3   Thumb Code     0  startup_gd32e23x.o(.text)
    DMA_Channel3_4_IRQHandler                0x080000f3   Thumb Code     0  startup_gd32e23x.o(.text)
    EXTI2_3_IRQHandler                       0x080000f3   Thumb Code     0  startup_gd32e23x.o(.text)
    EXTI4_15_IRQHandler                      0x080000f3   Thumb Code     0  startup_gd32e23x.o(.text)
    FMC_IRQHandler                           0x080000f3   Thumb Code     0  startup_gd32e23x.o(.text)
    I2C1_ER_IRQHandler                       0x080000f3   Thumb Code     0  startup_gd32e23x.o(.text)
    I2C1_EV_IRQHandler                       0x080000f3   Thumb Code     0  startup_gd32e23x.o(.text)
    LVD_IRQHandler                           0x080000f3   Thumb Code     0  startup_gd32e23x.o(.text)
    RCU_IRQHandler                           0x080000f3   Thumb Code     0  startup_gd32e23x.o(.text)
    RTC_IRQHandler                           0x080000f3   Thumb Code     0  startup_gd32e23x.o(.text)
    SPI0_IRQHandler                          0x080000f3   Thumb Code     0  startup_gd32e23x.o(.text)
    SPI1_IRQHandler                          0x080000f3   Thumb Code     0  startup_gd32e23x.o(.text)
    TIMER0_BRK_UP_TRG_COM_IRQHandler         0x080000f3   Thumb Code     0  startup_gd32e23x.o(.text)
    TIMER0_Channel_IRQHandler                0x080000f3   Thumb Code     0  startup_gd32e23x.o(.text)
    TIMER13_IRQHandler                       0x080000f3   Thumb Code     0  startup_gd32e23x.o(.text)
    TIMER14_IRQHandler                       0x080000f3   Thumb Code     0  startup_gd32e23x.o(.text)
    TIMER15_IRQHandler                       0x080000f3   Thumb Code     0  startup_gd32e23x.o(.text)
    TIMER16_IRQHandler                       0x080000f3   Thumb Code     0  startup_gd32e23x.o(.text)
    TIMER2_IRQHandler                        0x080000f3   Thumb Code     0  startup_gd32e23x.o(.text)
    TIMER5_IRQHandler                        0x080000f3   Thumb Code     0  startup_gd32e23x.o(.text)
    USART0_IRQHandler                        0x080000f3   Thumb Code     0  startup_gd32e23x.o(.text)
    USART1_IRQHandler                        0x080000f3   Thumb Code     0  startup_gd32e23x.o(.text)
    WWDGT_IRQHandler                         0x080000f3   Thumb Code     0  startup_gd32e23x.o(.text)
    __aeabi_fadd                             0x080000fd   Thumb Code   162  fadd.o(.text)
    __aeabi_fsub                             0x0800019f   Thumb Code     8  fadd.o(.text)
    __aeabi_frsub                            0x080001a7   Thumb Code     8  fadd.o(.text)
    __aeabi_fmul                             0x080001af   Thumb Code   122  fmul.o(.text)
    __aeabi_fdiv                             0x08000229   Thumb Code   124  fdiv.o(.text)
    __aeabi_fcmple                           0x080002a5   Thumb Code    28  fcmple.o(.text)
    __aeabi_fcmpge                           0x080002c1   Thumb Code    28  fcmpge.o(.text)
    __aeabi_fcmpgt                           0x080002dd   Thumb Code    28  fcmpgt.o(.text)
    __aeabi_dcmple                           0x080002f9   Thumb Code    44  dcmple.o(.text)
    __aeabi_i2f                              0x08000325   Thumb Code    22  fflti.o(.text)
    __aeabi_ui2f                             0x0800033b   Thumb Code    14  ffltui.o(.text)
    __aeabi_f2uiz                            0x08000349   Thumb Code    40  ffixui.o(.text)
    __aeabi_f2d                              0x08000371   Thumb Code    40  f2d.o(.text)
    __I$use$fp                               0x08000399   Thumb Code     0  iusefp.o(.text)
    _float_round                             0x08000399   Thumb Code    16  fepilogue.o(.text)
    _float_epilogue                          0x080003a9   Thumb Code   114  fepilogue.o(.text)
    __scatterload                            0x0800041d   Thumb Code    28  init.o(.text)
    __scatterload_rt2                        0x0800041d   Thumb Code     0  init.o(.text)
    Button_init                              0x0800055d   Thumb Code    48  button_drv.o(.text.Button_init)
    EEPROM_Data_Save                         0x0800058d   Thumb Code    48  eeprom_drv.o(.text.EEPROM_Data_Save)
    EEPROM_ReadOneHalfword                   0x080005b5   Thumb Code    44  eeprom_drv.o(.text.EEPROM_ReadOneHalfword)
    EEPROM_Updata                            0x080005dd   Thumb Code    24  eeprom_drv.o(.text.EEPROM_Updata)
    EEPROM_WriteOneHalfword                  0x080005f1   Thumb Code    44  eeprom_drv.o(.text.EEPROM_WriteOneHalfword)
    EEPROM_drv_Init                          0x0800061d   Thumb Code     8  eeprom_drv.o(.text.EEPROM_drv_Init)
    EXTI0_1_IRQHandler                       0x08000625   Thumb Code    44  exti_hal.o(.text.EXTI0_1_IRQHandler)
    EXTI1_Callback_Register                  0x0800064d   Thumb Code    24  exti_hal.o(.text.EXTI1_Callback_Register)
    EXTI_hal_init                            0x08000661   Thumb Code    88  exti_hal.o(.text.EXTI_hal_init)
    Flash_Erase                              0x080006b5   Thumb Code   172  flash_hal.o(.text.Flash_Erase)
    Flash_Read                               0x0800075d   Thumb Code    74  flash_hal.o(.text.Flash_Read)
    Flash_Write                              0x080007a9   Thumb Code   160  flash_hal.o(.text.Flash_Write)
    GPIO_HIGH_hal                            0x08000849   Thumb Code    20  gpio_hal.o(.text.GPIO_HIGH_hal)
    GPIO_Init_hal                            0x0800085d   Thumb Code   208  gpio_hal.o(.text.GPIO_Init_hal)
    GPIO_LOW_hal                             0x08000929   Thumb Code    20  gpio_hal.o(.text.GPIO_LOW_hal)
    GPIO_Pin_Init_hal                        0x0800093d   Thumb Code    56  gpio_hal.o(.text.GPIO_Pin_Init_hal)
    GPIO_TOGGLE_hal                          0x08000975   Thumb Code    20  gpio_hal.o(.text.GPIO_TOGGLE_hal)
    Get_Button_Click                         0x08000989   Thumb Code    80  button_drv.o(.text.Get_Button_Click)
    Get_Button_Long_Press                    0x080009d9   Thumb Code    32  button_drv.o(.text.Get_Button_Long_Press)
    Get_EXTI_SOURCE                          0x080009f9   Thumb Code   112  exti_hal.o(.text.Get_EXTI_SOURCE)
    Get_GPIO_Control                         0x08000a69   Thumb Code    28  gpio_hal.o(.text.Get_GPIO_Control)
    Get_System_T                             0x08000a85   Thumb Code    60  system_time.o(.text.Get_System_T)
    Get_deta_T                               0x08000abd   Thumb Code   136  system_time.o(.text.Get_deta_T)
    HardFault_Handler                        0x08000b45   Thumb Code     4  gd32e23x_it.o(.text.HardFault_Handler)
    I2C0_ER_IRQHandler                       0x08000b49   Thumb Code    64  i2c_hal.o(.text.I2C0_ER_IRQHandler)
    I2C0_EV_IRQHandler                       0x08000b79   Thumb Code   404  i2c_hal.o(.text.I2C0_EV_IRQHandler)
    I2C0_Rsgister_Register                   0x08000d05   Thumb Code    24  i2c_hal.o(.text.I2C0_Rsgister_Register)
    I2C_hal_Init                             0x08000e25   Thumb Code    12  i2c_hal.o(.text.I2C_hal_Init)
    Infrared_Calibration                     0x08000e31   Thumb Code  2708  infrared_probe_drv.o(.text.Infrared_Calibration)
    Infrared_Probe                           0x080018c5   Thumb Code   964  infrared_probe_drv.o(.text.Infrared_Probe)
    Infrared_Probe_init_drv                  0x08001c81   Thumb Code   364  infrared_probe_drv.o(.text.Infrared_Probe_init_drv)
    Init_hal                                 0x08001ded   Thumb Code    20  configuration_hal.o(.text.Init_hal)
    LED_RUN                                  0x08001e01   Thumb Code   608  led_drv.o(.text.LED_RUN)
    LED_drv_Init                             0x08002049   Thumb Code   132  led_drv.o(.text.LED_drv_Init)
    NMI_Handler                              0x080020cd   Thumb Code     2  gd32e23x_it.o(.text.NMI_Handler)
    PendSV_Handler                           0x080020cf   Thumb Code     2  gd32e23x_it.o(.text.PendSV_Handler)
    SVC_Handler                              0x080020d1   Thumb Code     2  gd32e23x_it.o(.text.SVC_Handler)
    Set_EXTI_TRIG                            0x080020d5   Thumb Code   156  exti_hal.o(.text.Set_EXTI_TRIG)
    Set_LED_Bit_State                        0x08002171   Thumb Code   244  led_drv.o(.text.Set_LED_Bit_State)
    Set_LED_State                            0x08002261   Thumb Code    24  led_drv.o(.text.Set_LED_State)
    SoftReset                                0x08002279   Thumb Code     4  main.o(.text.SoftReset)
    Software_Register_Init                   0x0800227d   Thumb Code    68  software_register.o(.text.Software_Register_Init)
    Software_Register_Read                   0x080022c1   Thumb Code    98  software_register.o(.text.Software_Register_Read)
    Software_Register_Write                  0x08002323   Thumb Code    98  software_register.o(.text.Software_Register_Write)
    SysTick_Handler                          0x080023d9   Thumb Code    44  system_time.o(.text.SysTick_Handler)
    SystemInit                               0x08002401   Thumb Code   172  system_gd32e23x.o(.text.SystemInit)
    System_time_init                         0x080024ad   Thumb Code    44  system_time.o(.text.System_time_init)
    adc_calibration_enable                   0x08002649   Thumb Code    60  gd32e23x_adc.o(.text.adc_calibration_enable)
    adc_channel_length_config                0x08002681   Thumb Code   116  gd32e23x_adc.o(.text.adc_channel_length_config)
    adc_data_alignment_config                0x080026f5   Thumb Code    52  gd32e23x_adc.o(.text.adc_data_alignment_config)
    adc_deinit                               0x08002725   Thumb Code    28  gd32e23x_adc.o(.text.adc_deinit)
    adc_dma_mode_enable                      0x08002741   Thumb Code    20  gd32e23x_adc.o(.text.adc_dma_mode_enable)
    adc_enable                               0x08002751   Thumb Code    32  gd32e23x_adc.o(.text.adc_enable)
    adc_external_trigger_config              0x0800276d   Thumb Code   144  gd32e23x_adc.o(.text.adc_external_trigger_config)
    adc_external_trigger_source_config       0x080027f9   Thumb Code    92  gd32e23x_adc.o(.text.adc_external_trigger_source_config)
    adc_init                                 0x08002855   Thumb Code   292  adc_hal.o(.text.adc_init)
    adc_regular_channel_config               0x08002979   Thumb Code   356  gd32e23x_adc.o(.text.adc_regular_channel_config)
    adc_software_trigger_enable              0x08002add   Thumb Code    68  gd32e23x_adc.o(.text.adc_software_trigger_enable)
    adc_special_function_config              0x08002b21   Thumb Code   180  gd32e23x_adc.o(.text.adc_special_function_config)
    delay_ms                                 0x08002bd5   Thumb Code    76  system_time.o(.text.delay_ms)
    dma_channel_disable                      0x08002c21   Thumb Code    36  gd32e23x_dma.o(.text.dma_channel_disable)
    dma_channel_enable                       0x08002c41   Thumb Code    36  gd32e23x_dma.o(.text.dma_channel_enable)
    dma_circulation_enable                   0x08002c61   Thumb Code    36  gd32e23x_dma.o(.text.dma_circulation_enable)
    dma_deinit                               0x08002c81   Thumb Code   108  gd32e23x_dma.o(.text.dma_deinit)
    dma_init                                 0x08002cdd   Thumb Code   292  gd32e23x_dma.o(.text.dma_init)
    dma_memory_to_memory_disable             0x08002dfd   Thumb Code    40  gd32e23x_dma.o(.text.dma_memory_to_memory_disable)
    exti_init                                0x08002e25   Thumb Code   228  gd32e23x_exti.o(.text.exti_init)
    exti_interrupt_flag_clear                0x08002f05   Thumb Code    24  gd32e23x_exti.o(.text.exti_interrupt_flag_clear)
    exti_interrupt_flag_get                  0x08002f19   Thumb Code    76  gd32e23x_exti.o(.text.exti_interrupt_flag_get)
    fmc_lock                                 0x08002f65   Thumb Code    16  gd32e23x_fmc.o(.text.fmc_lock)
    fmc_page_erase                           0x08002f71   Thumb Code   100  gd32e23x_fmc.o(.text.fmc_page_erase)
    fmc_ready_wait                           0x08002fd1   Thumb Code   106  gd32e23x_fmc.o(.text.fmc_ready_wait)
    fmc_state_get                            0x0800303d   Thumb Code    84  gd32e23x_fmc.o(.text.fmc_state_get)
    fmc_unlock                               0x08003091   Thumb Code    44  gd32e23x_fmc.o(.text.fmc_unlock)
    fmc_word_program                         0x080030b9   Thumb Code    96  gd32e23x_fmc.o(.text.fmc_word_program)
    get_value                                0x08003119   Thumb Code    28  adc_hal.o(.text.get_value)
    gpio_af_set                              0x08003135   Thumb Code   210  gd32e23x_gpio.o(.text.gpio_af_set)
    gpio_mode_set                            0x08003207   Thumb Code   162  gd32e23x_gpio.o(.text.gpio_mode_set)
    gpio_output_options_set                  0x080032a9   Thumb Code   156  gd32e23x_gpio.o(.text.gpio_output_options_set)
    i2c_ack_config                           0x08003345   Thumb Code    54  gd32e23x_i2c.o(.text.i2c_ack_config)
    i2c_clock_config                         0x0800337d   Thumb Code   468  gd32e23x_i2c.o(.text.i2c_clock_config)
    i2c_data_receive                         0x08003551   Thumb Code    18  gd32e23x_i2c.o(.text.i2c_data_receive)
    i2c_data_transmit                        0x08003563   Thumb Code    26  gd32e23x_i2c.o(.text.i2c_data_transmit)
    i2c_enable                               0x0800357d   Thumb Code    22  gd32e23x_i2c.o(.text.i2c_enable)
    i2c_interrupt_disable                    0x08003593   Thumb Code    44  gd32e23x_i2c.o(.text.i2c_interrupt_disable)
    i2c_interrupt_enable                     0x080035bf   Thumb Code    44  gd32e23x_i2c.o(.text.i2c_interrupt_enable)
    i2c_interrupt_flag_clear                 0x080035ed   Thumb Code    76  gd32e23x_i2c.o(.text.i2c_interrupt_flag_clear)
    i2c_interrupt_flag_get                   0x08003639   Thumb Code   188  gd32e23x_i2c.o(.text.i2c_interrupt_flag_get)
    i2c_mode_addr_config                     0x080036f5   Thumb Code    88  gd32e23x_i2c.o(.text.i2c_mode_addr_config)
    i2c_software_reset_config                0x0800374d   Thumb Code    52  gd32e23x_i2c.o(.text.i2c_software_reset_config)
    main                                     0x08003781   Thumb Code    82  main.o(.text.main)
    nvic_irq_enable                          0x080037d3   Thumb Code    46  gd32e23x_misc.o(.text.nvic_irq_enable)
    nvic_vector_table_set                    0x08003801   Thumb Code    44  gd32e23x_misc.o(.text.nvic_vector_table_set)
    rcu_adc_clock_config                     0x0800382d   Thumb Code   400  gd32e23x_rcu.o(.text.rcu_adc_clock_config)
    rcu_clock_freq_get                       0x080039bd   Thumb Code   764  gd32e23x_rcu.o(.text.rcu_clock_freq_get)
    rcu_periph_clock_enable                  0x08003cb9   Thumb Code    44  gd32e23x_rcu.o(.text.rcu_periph_clock_enable)
    rcu_periph_reset_disable                 0x08003ce1   Thumb Code    44  gd32e23x_rcu.o(.text.rcu_periph_reset_disable)
    rcu_periph_reset_enable                  0x08003d09   Thumb Code    44  gd32e23x_rcu.o(.text.rcu_periph_reset_enable)
    syscfg_exti_line_config                  0x08003d31   Thumb Code   188  gd32e23x_syscfg.o(.text.syscfg_exti_line_config)
    __scatterload_copy                       0x08003ed9   Thumb Code    14  handlers.o(i.__scatterload_copy)
    __scatterload_null                       0x08003ee7   Thumb Code     2  handlers.o(i.__scatterload_null)
    __scatterload_zeroinit                   0x08003ee9   Thumb Code    14  handlers.o(i.__scatterload_zeroinit)
    Region$$Table$$Base                      0x08003f18   Number         0  anon$$obj.o(Region$$Table)
    Region$$Table$$Limit                     0x08003f38   Number         0  anon$$obj.o(Region$$Table)
    GPIO_hal_Config                          0x20000000   Data          96  gpio_hal.o(.data.GPIO_hal_Config)
    Infrared_Register_Buffer                 0x20000060   Data           4  infrared_probe_drv.o(.data.Infrared_Register_Buffer)
    SystemCoreClock                          0x20000064   Data           4  system_gd32e23x.o(.data.SystemCoreClock)
    Addsend_Flag                             0x20000078   Data           1  i2c_hal.o(.bss.Addsend_Flag)
    Button_Click                             0x20000079   Data           1  button_drv.o(.bss.Button_Click)
    Button_Count                             0x2000007a   Data           1  button_drv.o(.bss.Button_Count)
    Button_Double_Click                      0x2000007b   Data           1  button_drv.o(.bss.Button_Double_Click)
    Button_Long_Press                        0x2000007c   Data           1  button_drv.o(.bss.Button_Long_Press)
    Button_State                             0x2000007d   Data           1  button_drv.o(.bss.Button_State)
    Button_T                                 0x20000080   Data           8  button_drv.o(.bss.Button_T)
    GPIO_hal                                 0x2000048c   Data         192  gpio_hal.o(.bss.GPIO_hal)
    I2C0_Register                            0x2000054c   Data           4  i2c_hal.o(.bss.I2C0_Register)
    Infrared_Correction_Value                0x2000056c   Data           4  infrared_probe_drv.o(.bss.Infrared_Correction_Value)
    Infrared_Mode                            0x20000588   Data           1  infrared_probe_drv.o(.bss.Infrared_Mode)
    Infrared_Register                        0x2000058c   Data          12  infrared_probe_drv.o(.bss.Infrared_Register)
    Infrared_Start                           0x20000598   Data           1  infrared_probe_drv.o(.bss.Infrared_Start)
    Infrared_T                               0x2000059c   Data           8  infrared_probe_drv.o(.bss.Infrared_T)
    LED1                                     0x200005ac   Data           4  led_drv.o(.bss.LED1)
    LED2                                     0x200005b0   Data           4  led_drv.o(.bss.LED2)
    LED3                                     0x200005b4   Data           4  led_drv.o(.bss.LED3)
    LED4                                     0x200005b8   Data           4  led_drv.o(.bss.LED4)
    LED_Bit_State                            0x200005bc   Data           1  led_drv.o(.bss.LED_Bit_State)
    LED_Now_State                            0x200005bd   Data           1  led_drv.o(.bss.LED_Now_State)
    LED_RUN_T                                0x200005c0   Data           8  led_drv.o(.bss.LED_RUN_T)
    Register_Address                         0x200005c8   Data           1  i2c_hal.o(.bss.Register_Address)
    Register_Address_Flag                    0x200005c9   Data           1  i2c_hal.o(.bss.Register_Address_Flag)
    Running_Water_Count                      0x200005ca   Data           1  led_drv.o(.bss.Running_Water_Count)
    __initial_sp                             0x200009d8   Data           0  startup_gd32e23x.o(STACK)



==============================================================================

Memory Map of the image

  Image Entry point : 0x080000cd

  Load Region LR_IROM1 (Base: 0x08000000, Size: 0x00003fa0, Max: 0x00008000, ABSOLUTE)

    Execution Region ER_IROM1 (Exec base: 0x08000000, Load base: 0x08000000, Size: 0x00003f38, Max: 0x00008000, ABSOLUTE)

    Exec Addr    Load Addr    Size         Type   Attr      Idx    E Section Name        Object

    0x08000000   0x08000000   0x000000cc   Data   RO         1243    RESET               startup_gd32e23x.o
    0x080000cc   0x080000cc   0x00000000   Code   RO         1548  * .ARM.Collect$$$$00000000  mc_p.l(entry.o)
    0x080000cc   0x080000cc   0x00000004   Code   RO         1573    .ARM.Collect$$$$00000001  mc_p.l(entry2.o)
    0x080000d0   0x080000d0   0x00000004   Code   RO         1576    .ARM.Collect$$$$00000004  mc_p.l(entry5.o)
    0x080000d4   0x080000d4   0x00000000   Code   RO         1578    .ARM.Collect$$$$00000008  mc_p.l(entry7b.o)
    0x080000d4   0x080000d4   0x00000000   Code   RO         1580    .ARM.Collect$$$$0000000A  mc_p.l(entry8b.o)
    0x080000d4   0x080000d4   0x00000008   Code   RO         1581    .ARM.Collect$$$$0000000B  mc_p.l(entry9a.o)
    0x080000dc   0x080000dc   0x00000000   Code   RO         1583    .ARM.Collect$$$$0000000D  mc_p.l(entry10a.o)
    0x080000dc   0x080000dc   0x00000000   Code   RO         1585    .ARM.Collect$$$$0000000F  mc_p.l(entry11a.o)
    0x080000dc   0x080000dc   0x00000004   Code   RO         1574    .ARM.Collect$$$$00002712  mc_p.l(entry2.o)
    0x080000e0   0x080000e0   0x0000001c   Code   RO         1244    .text               startup_gd32e23x.o
    0x080000fc   0x080000fc   0x000000b2   Code   RO         1551    .text               mf_p.l(fadd.o)
    0x080001ae   0x080001ae   0x0000007a   Code   RO         1553    .text               mf_p.l(fmul.o)
    0x08000228   0x08000228   0x0000007c   Code   RO         1555    .text               mf_p.l(fdiv.o)
    0x080002a4   0x080002a4   0x0000001c   Code   RO         1557    .text               mf_p.l(fcmple.o)
    0x080002c0   0x080002c0   0x0000001c   Code   RO         1559    .text               mf_p.l(fcmpge.o)
    0x080002dc   0x080002dc   0x0000001c   Code   RO         1561    .text               mf_p.l(fcmpgt.o)
    0x080002f8   0x080002f8   0x0000002c   Code   RO         1563    .text               mf_p.l(dcmple.o)
    0x08000324   0x08000324   0x00000016   Code   RO         1565    .text               mf_p.l(fflti.o)
    0x0800033a   0x0800033a   0x0000000e   Code   RO         1567    .text               mf_p.l(ffltui.o)
    0x08000348   0x08000348   0x00000028   Code   RO         1569    .text               mf_p.l(ffixui.o)
    0x08000370   0x08000370   0x00000028   Code   RO         1571    .text               mf_p.l(f2d.o)
    0x08000398   0x08000398   0x00000000   Code   RO         1587    .text               mc_p.l(iusefp.o)
    0x08000398   0x08000398   0x00000082   Code   RO         1588    .text               mf_p.l(fepilogue.o)
    0x0800041a   0x0800041a   0x00000002   PAD
    0x0800041c   0x0800041c   0x00000024   Code   RO         1590    .text               mc_p.l(init.o)
    0x08000440   0x08000440   0x0000011c   Code   RO         1416    .text.ButtonA_Callback  button_drv.o
    0x0800055c   0x0800055c   0x00000030   Code   RO         1414    .text.Button_init   button_drv.o
    0x0800058c   0x0800058c   0x00000028   Code   RO         1486    .text.EEPROM_Data_Save  eeprom_drv.o
    0x080005b4   0x080005b4   0x00000028   Code   RO         1476    .text.EEPROM_ReadOneHalfword  eeprom_drv.o
    0x080005dc   0x080005dc   0x00000014   Code   RO         1468    .text.EEPROM_Updata  eeprom_drv.o
    0x080005f0   0x080005f0   0x0000002c   Code   RO         1474    .text.EEPROM_WriteOneHalfword  eeprom_drv.o
    0x0800061c   0x0800061c   0x00000008   Code   RO         1466    .text.EEPROM_drv_Init  eeprom_drv.o
    0x08000624   0x08000624   0x00000028   Code   RO         1300    .text.EXTI0_1_IRQHandler  exti_hal.o
    0x0800064c   0x0800064c   0x00000014   Code   RO         1296    .text.EXTI1_Callback_Register  exti_hal.o
    0x08000660   0x08000660   0x00000054   Code   RO         1292    .text.EXTI_hal_init  exti_hal.o
    0x080006b4   0x080006b4   0x000000a8   Code   RO         1313    .text.Flash_Erase   flash_hal.o
    0x0800075c   0x0800075c   0x0000004a   Code   RO         1317    .text.Flash_Read    flash_hal.o
    0x080007a6   0x080007a6   0x00000002   PAD
    0x080007a8   0x080007a8   0x000000a0   Code   RO         1315    .text.Flash_Write   flash_hal.o
    0x08000848   0x08000848   0x00000014   Code   RO         1358    .text.GPIO_HIGH_hal  gpio_hal.o
    0x0800085c   0x0800085c   0x000000cc   Code   RO         1356    .text.GPIO_Init_hal  gpio_hal.o
    0x08000928   0x08000928   0x00000014   Code   RO         1360    .text.GPIO_LOW_hal  gpio_hal.o
    0x0800093c   0x0800093c   0x00000038   Code   RO         1364    .text.GPIO_Pin_Init_hal  gpio_hal.o
    0x08000974   0x08000974   0x00000014   Code   RO         1362    .text.GPIO_TOGGLE_hal  gpio_hal.o
    0x08000988   0x08000988   0x00000050   Code   RO         1418    .text.Get_Button_Click  button_drv.o
    0x080009d8   0x080009d8   0x00000020   Code   RO         1422    .text.Get_Button_Long_Press  button_drv.o
    0x080009f8   0x080009f8   0x00000070   Code   RO         1294    .text.Get_EXTI_SOURCE  exti_hal.o
    0x08000a68   0x08000a68   0x0000001c   Code   RO         1366    .text.Get_GPIO_Control  gpio_hal.o
    0x08000a84   0x08000a84   0x00000038   Code   RO         1506    .text.Get_System_T  system_time.o
    0x08000abc   0x08000abc   0x00000088   Code   RO         1510    .text.Get_deta_T    system_time.o
    0x08000b44   0x08000b44   0x00000004   Code   RO            4    .text.HardFault_Handler  gd32e23x_it.o
    0x08000b48   0x08000b48   0x00000030   Code   RO         1337    .text.I2C0_ER_IRQHandler  i2c_hal.o
    0x08000b78   0x08000b78   0x0000018c   Code   RO         1335    .text.I2C0_EV_IRQHandler  i2c_hal.o
    0x08000d04   0x08000d04   0x00000014   Code   RO         1339    .text.I2C0_Rsgister_Register  i2c_hal.o
    0x08000d18   0x08000d18   0x00000094   Code   RO         1333    .text.I2C_Config    i2c_hal.o
    0x08000dac   0x08000dac   0x00000078   Code   RO         1331    .text.I2C_GPIO_Config  i2c_hal.o
    0x08000e24   0x08000e24   0x0000000c   Code   RO         1329    .text.I2C_hal_Init  i2c_hal.o
    0x08000e30   0x08000e30   0x00000a94   Code   RO         1382    .text.Infrared_Calibration  infrared_probe_drv.o
    0x080018c4   0x080018c4   0x000003bc   Code   RO         1384    .text.Infrared_Probe  infrared_probe_drv.o
    0x08001c80   0x08001c80   0x0000016c   Code   RO         1380    .text.Infrared_Probe_init_drv  infrared_probe_drv.o
    0x08001dec   0x08001dec   0x00000014   Code   RO         1251    .text.Init_hal      configuration_hal.o
    0x08001e00   0x08001e00   0x00000248   Code   RO         1444    .text.LED_RUN       led_drv.o
    0x08002048   0x08002048   0x00000084   Code   RO         1440    .text.LED_drv_Init  led_drv.o
    0x080020cc   0x080020cc   0x00000002   Code   RO            2    .text.NMI_Handler   gd32e23x_it.o
    0x080020ce   0x080020ce   0x00000002   Code   RO           16    .text.PendSV_Handler  gd32e23x_it.o
    0x080020d0   0x080020d0   0x00000002   Code   RO           12    .text.SVC_Handler   gd32e23x_it.o
    0x080020d2   0x080020d2   0x00000002   PAD
    0x080020d4   0x080020d4   0x0000009c   Code   RO         1298    .text.Set_EXTI_TRIG  exti_hal.o
    0x08002170   0x08002170   0x000000f0   Code   RO         1446    .text.Set_LED_Bit_State  led_drv.o
    0x08002260   0x08002260   0x00000018   Code   RO         1442    .text.Set_LED_State  led_drv.o
    0x08002278   0x08002278   0x00000004   Code   RO           28    .text.SoftReset     main.o
    0x0800227c   0x0800227c   0x00000044   Code   RO         1529    .text.Software_Register_Init  software_register.o
    0x080022c0   0x080022c0   0x00000062   Code   RO         1531    .text.Software_Register_Read  software_register.o
    0x08002322   0x08002322   0x00000062   Code   RO         1533    .text.Software_Register_Write  software_register.o
    0x08002384   0x08002384   0x00000054   Code   RO         1502    .text.SysTick_Config  system_time.o
    0x080023d8   0x080023d8   0x00000028   Code   RO         1504    .text.SysTick_Handler  system_time.o
    0x08002400   0x08002400   0x000000ac   Code   RO           44    .text.SystemInit    system_gd32e23x.o
    0x080024ac   0x080024ac   0x0000002c   Code   RO         1500    .text.System_time_init  system_time.o
    0x080024d8   0x080024d8   0x0000003c   Code   RO          548    .text.__NVIC_EnableIRQ  gd32e23x_misc.o
    0x08002514   0x08002514   0x00000088   Code   RO          546    .text.__NVIC_SetPriority  gd32e23x_misc.o
    0x0800259c   0x0800259c   0x00000090   Code   RO         1516    .text.__NVIC_SetPriority  system_time.o
    0x0800262c   0x0800262c   0x0000001c   Code   RO           30    .text.__NVIC_SystemReset  main.o
    0x08002648   0x08002648   0x00000038   Code   RO           70    .text.adc_calibration_enable  gd32e23x_adc.o
    0x08002680   0x08002680   0x00000074   Code   RO           86    .text.adc_channel_length_config  gd32e23x_adc.o
    0x080026f4   0x080026f4   0x00000030   Code   RO           84    .text.adc_data_alignment_config  gd32e23x_adc.o
    0x08002724   0x08002724   0x0000001c   Code   RO           64    .text.adc_deinit    gd32e23x_adc.o
    0x08002740   0x08002740   0x00000010   Code   RO           72    .text.adc_dma_mode_enable  gd32e23x_adc.o
    0x08002750   0x08002750   0x0000001c   Code   RO           66    .text.adc_enable    gd32e23x_adc.o
    0x0800276c   0x0800276c   0x0000008c   Code   RO           94    .text.adc_external_trigger_config  gd32e23x_adc.o
    0x080027f8   0x080027f8   0x0000005c   Code   RO           96    .text.adc_external_trigger_source_config  gd32e23x_adc.o
    0x08002854   0x08002854   0x00000124   Code   RO         1277    .text.adc_init      adc_hal.o
    0x08002978   0x08002978   0x00000164   Code   RO           88    .text.adc_regular_channel_config  gd32e23x_adc.o
    0x08002adc   0x08002adc   0x00000044   Code   RO           98    .text.adc_software_trigger_enable  gd32e23x_adc.o
    0x08002b20   0x08002b20   0x000000b4   Code   RO           82    .text.adc_special_function_config  gd32e23x_adc.o
    0x08002bd4   0x08002bd4   0x0000004c   Code   RO         1514    .text.delay_ms      system_time.o
    0x08002c20   0x08002c20   0x00000020   Code   RO          234    .text.dma_channel_disable  gd32e23x_dma.o
    0x08002c40   0x08002c40   0x00000020   Code   RO          244    .text.dma_channel_enable  gd32e23x_dma.o
    0x08002c60   0x08002c60   0x00000020   Code   RO          236    .text.dma_circulation_enable  gd32e23x_dma.o
    0x08002c80   0x08002c80   0x0000005c   Code   RO          228    .text.dma_deinit    gd32e23x_dma.o
    0x08002cdc   0x08002cdc   0x00000120   Code   RO          232    .text.dma_init      gd32e23x_dma.o
    0x08002dfc   0x08002dfc   0x00000028   Code   RO          242    .text.dma_memory_to_memory_disable  gd32e23x_dma.o
    0x08002e24   0x08002e24   0x000000e0   Code   RO          294    .text.exti_init     gd32e23x_exti.o
    0x08002f04   0x08002f04   0x00000014   Code   RO          310    .text.exti_interrupt_flag_clear  gd32e23x_exti.o
    0x08002f18   0x08002f18   0x0000004c   Code   RO          308    .text.exti_interrupt_flag_get  gd32e23x_exti.o
    0x08002f64   0x08002f64   0x0000000c   Code   RO          328    .text.fmc_lock      gd32e23x_fmc.o
    0x08002f70   0x08002f70   0x00000060   Code   RO          336    .text.fmc_page_erase  gd32e23x_fmc.o
    0x08002fd0   0x08002fd0   0x0000006a   Code   RO          338    .text.fmc_ready_wait  gd32e23x_fmc.o
    0x0800303a   0x0800303a   0x00000002   PAD
    0x0800303c   0x0800303c   0x00000054   Code   RO          384    .text.fmc_state_get  gd32e23x_fmc.o
    0x08003090   0x08003090   0x00000028   Code   RO          326    .text.fmc_unlock    gd32e23x_fmc.o
    0x080030b8   0x080030b8   0x00000060   Code   RO          344    .text.fmc_word_program  gd32e23x_fmc.o
    0x08003118   0x08003118   0x0000001c   Code   RO         1279    .text.get_value     adc_hal.o
    0x08003134   0x08003134   0x000000d2   Code   RO          446    .text.gpio_af_set   gd32e23x_gpio.o
    0x08003206   0x08003206   0x000000a2   Code   RO          426    .text.gpio_mode_set  gd32e23x_gpio.o
    0x080032a8   0x080032a8   0x0000009c   Code   RO          428    .text.gpio_output_options_set  gd32e23x_gpio.o
    0x08003344   0x08003344   0x00000036   Code   RO          472    .text.i2c_ack_config  gd32e23x_i2c.o
    0x0800337a   0x0800337a   0x00000002   PAD
    0x0800337c   0x0800337c   0x000001d4   Code   RO          466    .text.i2c_clock_config  gd32e23x_i2c.o
    0x08003550   0x08003550   0x00000012   Code   RO          492    .text.i2c_data_receive  gd32e23x_i2c.o
    0x08003562   0x08003562   0x0000001a   Code   RO          490    .text.i2c_data_transmit  gd32e23x_i2c.o
    0x0800357c   0x0800357c   0x00000016   Code   RO          482    .text.i2c_enable    gd32e23x_i2c.o
    0x08003592   0x08003592   0x0000002c   Code   RO          528    .text.i2c_interrupt_disable  gd32e23x_i2c.o
    0x080035be   0x080035be   0x0000002c   Code   RO          526    .text.i2c_interrupt_enable  gd32e23x_i2c.o
    0x080035ea   0x080035ea   0x00000002   PAD
    0x080035ec   0x080035ec   0x0000004c   Code   RO          532    .text.i2c_interrupt_flag_clear  gd32e23x_i2c.o
    0x08003638   0x08003638   0x000000bc   Code   RO          530    .text.i2c_interrupt_flag_get  gd32e23x_i2c.o
    0x080036f4   0x080036f4   0x00000058   Code   RO          468    .text.i2c_mode_addr_config  gd32e23x_i2c.o
    0x0800374c   0x0800374c   0x00000034   Code   RO          502    .text.i2c_software_reset_config  gd32e23x_i2c.o
    0x08003780   0x08003780   0x00000052   Code   RO           32    .text.main          main.o
    0x080037d2   0x080037d2   0x0000002e   Code   RO          544    .text.nvic_irq_enable  gd32e23x_misc.o
    0x08003800   0x08003800   0x0000002c   Code   RO          558    .text.nvic_vector_table_set  gd32e23x_misc.o
    0x0800382c   0x0800382c   0x00000190   Code   RO          641    .text.rcu_adc_clock_config  gd32e23x_rcu.o
    0x080039bc   0x080039bc   0x000002fc   Code   RO          689    .text.rcu_clock_freq_get  gd32e23x_rcu.o
    0x08003cb8   0x08003cb8   0x00000028   Code   RO          615    .text.rcu_periph_clock_enable  gd32e23x_rcu.o
    0x08003ce0   0x08003ce0   0x00000028   Code   RO          625    .text.rcu_periph_reset_disable  gd32e23x_rcu.o
    0x08003d08   0x08003d08   0x00000028   Code   RO          623    .text.rcu_periph_reset_enable  gd32e23x_rcu.o
    0x08003d30   0x08003d30   0x000000bc   Code   RO          884    .text.syscfg_exti_line_config  gd32e23x_syscfg.o
    0x08003dec   0x08003dec   0x000000e4   Code   RO           50    .text.system_clock_72m_irc8m  system_gd32e23x.o
    0x08003ed0   0x08003ed0   0x00000008   Code   RO           46    .text.system_clock_config  system_gd32e23x.o
    0x08003ed8   0x08003ed8   0x0000000e   Code   RO         1594    i.__scatterload_copy  mc_p.l(handlers.o)
    0x08003ee6   0x08003ee6   0x00000002   Code   RO         1595    i.__scatterload_null  mc_p.l(handlers.o)
    0x08003ee8   0x08003ee8   0x0000000e   Code   RO         1596    i.__scatterload_zeroinit  mc_p.l(handlers.o)
    0x08003ef6   0x08003ef6   0x00000010   Data   RO          691    .rodata.rcu_clock_freq_get.ahb_exp  gd32e23x_rcu.o
    0x08003f06   0x08003f06   0x00000008   Data   RO          692    .rodata.rcu_clock_freq_get.apb1_exp  gd32e23x_rcu.o
    0x08003f0e   0x08003f0e   0x00000008   Data   RO          693    .rodata.rcu_clock_freq_get.apb2_exp  gd32e23x_rcu.o
    0x08003f16   0x08003f16   0x00000002   PAD
    0x08003f18   0x08003f18   0x00000020   Data   RO         1592    Region$$Table       anon$$obj.o


    Execution Region RW_IRAM1 (Exec base: 0x20000000, Load base: 0x08003f38, Size: 0x000009d8, Max: 0x00002000, ABSOLUTE)

    Exec Addr    Load Addr    Size         Type   Attr      Idx    E Section Name        Object

    0x20000000   0x08003f38   0x00000060   Data   RW         1368    .data.GPIO_hal_Config  gpio_hal.o
    0x20000060   0x08003f98   0x00000004   Data   RW         1387    .data.Infrared_Register_Buffer  infrared_probe_drv.o
    0x20000064   0x08003f9c   0x00000004   Data   RW           52    .data.SystemCoreClock  system_gd32e23x.o
    0x20000068        -       0x00000010   Zero   RW         1281    .bss.ADC_value      adc_hal.o
    0x20000078        -       0x00000001   Zero   RW         1342    .bss.Addsend_Flag   i2c_hal.o
    0x20000079        -       0x00000001   Zero   RW         1424    .bss.Button_Click   button_drv.o
    0x2000007a        -       0x00000001   Zero   RW         1428    .bss.Button_Count   button_drv.o
    0x2000007b        -       0x00000001   Zero   RW         1425    .bss.Button_Double_Click  button_drv.o
    0x2000007c        -       0x00000001   Zero   RW         1426    .bss.Button_Long_Press  button_drv.o
    0x2000007d        -       0x00000001   Zero   RW         1427    .bss.Button_State   button_drv.o
    0x2000007e   0x08003fa0   0x00000002   PAD
    0x20000080        -       0x00000008   Zero   RW         1429    .bss.Button_T       button_drv.o
    0x20000088        -       0x00000400   Zero   RW         1488    .bss.EEPROM_Data    eeprom_drv.o
    0x20000488        -       0x00000004   Zero   RW         1302    .bss.EXTI1_Callback  exti_hal.o
    0x2000048c        -       0x000000c0   Zero   RW         1369    .bss.GPIO_hal       gpio_hal.o
    0x2000054c        -       0x00000004   Zero   RW         1344    .bss.I2C0_Register  i2c_hal.o
    0x20000550        -       0x00000004   Zero   RW         1396    .bss.Infrare_A1     infrared_probe_drv.o
    0x20000554        -       0x00000004   Zero   RW         1397    .bss.Infrare_A2     infrared_probe_drv.o
    0x20000558        -       0x00000004   Zero   RW         1398    .bss.Infrare_A3     infrared_probe_drv.o
    0x2000055c        -       0x00000004   Zero   RW         1399    .bss.Infrare_A4     infrared_probe_drv.o
    0x20000560        -       0x00000004   Zero   RW         1394    .bss.Infrared_ADC   infrared_probe_drv.o
    0x20000564        -       0x00000008   Zero   RW         1389    .bss.Infrared_BackVREF  infrared_probe_drv.o
    0x2000056c        -       0x00000004   Zero   RW         1392    .bss.Infrared_Correction_Value  infrared_probe_drv.o
    0x20000570        -       0x00000008   Zero   RW         1402    .bss.Infrared_High_Value  infrared_probe_drv.o
    0x20000578        -       0x00000008   Zero   RW         1390    .bss.Infrared_LineVREF  infrared_probe_drv.o
    0x20000580        -       0x00000008   Zero   RW         1403    .bss.Infrared_Low_Value  infrared_probe_drv.o
    0x20000588        -       0x00000001   Zero   RW         1395    .bss.Infrared_Mode  infrared_probe_drv.o
    0x20000589        -       0x00000001   Zero   RW         1401    .bss.Infrared_Probe.Infrared_Flag  infrared_probe_drv.o
    0x2000058a        -       0x00000001   Zero   RW         1400    .bss.Infrared_Probe.Line_Pos  infrared_probe_drv.o
    0x2000058b   0x08003fa0   0x00000001   PAD
    0x2000058c        -       0x0000000c   Zero   RW         1388    .bss.Infrared_Register  infrared_probe_drv.o
    0x20000598        -       0x00000001   Zero   RW         1386    .bss.Infrared_Start  infrared_probe_drv.o
    0x20000599   0x08003fa0   0x00000003   PAD
    0x2000059c        -       0x00000008   Zero   RW         1393    .bss.Infrared_T     infrared_probe_drv.o
    0x200005a4        -       0x00000008   Zero   RW         1391    .bss.Infrared_Threshold_Value  infrared_probe_drv.o
    0x200005ac        -       0x00000004   Zero   RW         1451    .bss.LED1           led_drv.o
    0x200005b0        -       0x00000004   Zero   RW         1452    .bss.LED2           led_drv.o
    0x200005b4        -       0x00000004   Zero   RW         1453    .bss.LED3           led_drv.o
    0x200005b8        -       0x00000004   Zero   RW         1454    .bss.LED4           led_drv.o
    0x200005bc        -       0x00000001   Zero   RW         1448    .bss.LED_Bit_State  led_drv.o
    0x200005bd        -       0x00000001   Zero   RW         1450    .bss.LED_Now_State  led_drv.o
    0x200005be   0x08003fa0   0x00000002   PAD
    0x200005c0        -       0x00000008   Zero   RW         1455    .bss.LED_RUN_T      led_drv.o
    0x200005c8        -       0x00000001   Zero   RW         1341    .bss.Register_Address  i2c_hal.o
    0x200005c9        -       0x00000001   Zero   RW         1343    .bss.Register_Address_Flag  i2c_hal.o
    0x200005ca        -       0x00000001   Zero   RW         1449    .bss.Running_Water_Count  led_drv.o
    0x200005cb   0x08003fa0   0x00000001   PAD
    0x200005cc        -       0x00000008   Zero   RW         1518    .bss.System_T       system_time.o
    0x200005d4   0x08003fa0   0x00000004   PAD
    0x200005d8        -       0x00000400   Zero   RW         1241    STACK               startup_gd32e23x.o


==============================================================================

Image component sizes


      Code (inc. data)   RO Data    RW Data    ZI Data      Debug   Object Name

       320         20          0          0         16       2436   adc_hal.o
       444         48          0          0         13       2115   button_drv.o
        20          0          0          0          0        469   configuration_hal.o
       152          8          0          0       1024       2714   eeprom_drv.o
       412         24          0          0          4       3630   exti_hal.o
       402          4          0          0          0       1921   flash_hal.o
      1128         52          0          0          0       8516   gd32e23x_adc.o
       516         20          0          0          0       6576   gd32e23x_dma.o
       320         20          0          0          0       3594   gd32e23x_exti.o
       434         24          0          0          0       7045   gd32e23x_fmc.o
       528          0          0          0          0       4710   gd32e23x_gpio.o
      1080         36          0          0          0       9778   gd32e23x_i2c.o
        10          0          0          0          0       1115   gd32e23x_it.o
       286         16          0          0          0       4241   gd32e23x_misc.o
      1284         52         32          0          0      12590   gd32e23x_rcu.o
       188         16          0          0          0       3108   gd32e23x_syscfg.o
       348         36          0         96        192       2653   gpio_hal.o
       744         56          0          0          7       4289   i2c_hal.o
      4028        220          0          4         88       5940   infrared_probe_drv.o
       980         40          0          0         27       3050   led_drv.o
       114          8          0          0          0       1828   main.o
       264          0          0          0          0       2305   software_register.o
        28          8        204          0       1024        628   startup_gd32e23x.o
       408         60          0          4          0       1971   system_gd32e23x.o
       580         48          0          0          8       4270   system_time.o

    ----------------------------------------------------------------------
     15028        816        270        104       2416     101492   Object Totals
         0          0         32          0          0          0   (incl. Generated)
        10          0          2          0         13          0   (incl. Padding)

    ----------------------------------------------------------------------

      Code (inc. data)   RO Data    RW Data    ZI Data      Debug   Library Member Name

         0          0          0          0          0          0   entry.o
         0          0          0          0          0          0   entry10a.o
         0          0          0          0          0          0   entry11a.o
         8          4          0          0          0          0   entry2.o
         4          0          0          0          0          0   entry5.o
         0          0          0          0          0          0   entry7b.o
         0          0          0          0          0          0   entry8b.o
         8          4          0          0          0          0   entry9a.o
        30          0          0          0          0          0   handlers.o
        36          8          0          0          0         68   init.o
         0          0          0          0          0          0   iusefp.o
        44          0          0          0          0         68   dcmple.o
        40          0          0          0          0         60   f2d.o
       178          0          0          0          0        108   fadd.o
        28          0          0          0          0         60   fcmpge.o
        28          0          0          0          0         60   fcmpgt.o
        28          0          0          0          0         60   fcmple.o
       124          0          0          0          0         72   fdiv.o
       130          0          0          0          0        144   fepilogue.o
        40          0          0          0          0         60   ffixui.o
        22          0          0          0          0         68   fflti.o
        14          0          0          0          0         68   ffltui.o
       122          0          0          0          0         72   fmul.o

    ----------------------------------------------------------------------
       886         16          0          0          0        968   Library Totals
         2          0          0          0          0          0   (incl. Padding)

    ----------------------------------------------------------------------

      Code (inc. data)   RO Data    RW Data    ZI Data      Debug   Library Name

        86         16          0          0          0         68   mc_p.l
       798          0          0          0          0        900   mf_p.l

    ----------------------------------------------------------------------
       886         16          0          0          0        968   Library Totals

    ----------------------------------------------------------------------

==============================================================================


      Code (inc. data)   RO Data    RW Data    ZI Data      Debug   

     15914        832        270        104       2416     101848   Grand Totals
     15914        832        270        104       2416     101848   ELF Image Totals
     15914        832        270        104          0          0   ROM Totals

==============================================================================

    Total RO  Size (Code + RO Data)                16184 (  15.80kB)
    Total RW  Size (RW Data + ZI Data)              2520 (   2.46kB)
    Total ROM Size (Code + RO Data + RW Data)      16288 (  15.91kB)

==============================================================================

